Microchip MPLAB XC8 Compiler V1.45 ()

Linker command line:

-W-3 --edf=C:\Program Files (x86)\Microchip\xc8\v1.45\dat\en_msgs.txt -cs \
  -h+dist/default/production\LCD_PRUEBA.X.production.sym \
  --cmf=dist/default/production\LCD_PRUEBA.X.production.cmf -z -Q16F887 \
  -oC:\Users\larj3\AppData\Local\Temp\sca0.2 \
  -Mdist/default/production/LCD_PRUEBA.X.production.map -E1 -ver=XC8 \
  -ASTACK=0110h-016fh -pstack=STACK -ACODE=00h-07FFhx4 -ASTRCODE=00h-01FFFh \
  -ASTRING=00h-0FFhx32 -ACONST=00h-0FFhx32 -AENTRY=00h-0FFhx32 \
  -ACOMMON=070h-07Fh -ABANK0=020h-06Fh -ABANK1=0A0h-0EFh \
  -ABANK2=0110h-016Fh -ABANK3=0190h-01EFh \
  -ARAM=020h-06Fh,0A0h-0EFh,0110h-016Fh,0190h-01EFh \
  -AABS1=020h-07Fh,0A0h-0EFh,0110h-016Fh,0190h-01EFh -ASFR0=00h-01Fh \
  -ASFR1=080h-09Fh -ASFR2=0100h-010Fh -ASFR3=0180h-018Fh \
  -preset_vec=00h,intentry,init,end_init -ppowerup=CODE -pcinit=CODE \
  -pfunctab=ENTRY -ACONFIG=02007h-02008h -pconfig=CONFIG -DCONFIG=2 \
  -AIDLOC=02000h-02003h -pidloc=IDLOC -DIDLOC=2 -AEEDATA=00h-0FFh/02100h \
  -peeprom_data=EEDATA -DEEDATA=2 -DCODE=2 -DSTRCODE=2 -DSTRING=2 -DCONST=2 \
  -DENTRY=2 -k C:\Users\larj3\AppData\Local\Temp\sca0.obj \
  dist/default/production\LCD_PRUEBA.X.production.obj 

Object code version is 3.11

Machine type is 16F887



                Name                               Link     Load   Length Selector   Space Scale
C:\Users\larj3\AppData\Local\Temp\sca0.obj
                end_init                              0        0        3        0       0
                config                             2007     2007        2     400E       0
dist/default/production\LCD_PRUEBA.X.production.obj
                cinit                               7FA      7FA        6      FF4       0
                text7                               629      629       29      C52       0
                text6                               652      652       2A      CA4       0
                text5                               6D5      6D5       71      DAA       0
                text4                               67C      67C       59      CF8       0
                text3                               608      608       21      C10       0
                text2                               5EC      5EC       1C      BD8       0
                text1                               5E0      5E0        C      BC0       0
                maintext                            746      746       B4      E8C       0
                cstackCOMMON                         70       70        B       70       1
                bssCOMMON                            7B       7B        2       70       1
                strings                               3        3       11        6       0

TOTAL           Name                               Link     Load   Length     Space
        CLASS   STACK          

        CLASS   CODE           
                end_init                              0        0        3         0
                cinit                               7FA      7FA        6         0
                text7                               629      629       29         0
                text6                               652      652       2A         0
                text5                               6D5      6D5       71         0
                text4                               67C      67C       59         0
                text3                               608      608       21         0
                text2                               5EC      5EC       1C         0
                text1                               5E0      5E0        C         0
                maintext                            746      746       B4         0

        CLASS   STRCODE        

        CLASS   STRING         
                strings                               3        3       11         0

        CLASS   CONST          

        CLASS   ENTRY          

        CLASS   COMMON         
                cstackCOMMON                         70       70        B         1
                bssCOMMON                            7B       7B        2         1

        CLASS   BANK0          

        CLASS   BANK1          

        CLASS   BANK2          

        CLASS   BANK3          

        CLASS   RAM            

        CLASS   ABS1           
                abs_s1                               7E       7E        2         1

        CLASS   SFR0           

        CLASS   SFR1           

        CLASS   SFR2           

        CLASS   SFR3           

        CLASS   CONFIG         
                config                             2007     2007        2         0

        CLASS   IDLOC          

        CLASS   EEDATA         



SEGMENTS        Name                           Load    Length   Top    Selector   Space  Class     Delta

                reset_vec                      000000  000003  000003         0       0  CODE        2
                strings                        000003  000011  000014         6       0  STRING      2
                cstackCOMMON                   000070  00000D  00007D        70       1  COMMON      1
                text1                          0005E0  00000C  0005EC       BC0       0  CODE        2
                text2                          0005EC  00001C  000608       BD8       0  CODE        2
                text3                          000608  000021  000629       C10       0  CODE        2
                text7                          000629  000029  000652       C52       0  CODE        2
                text6                          000652  00002A  00067C       CA4       0  CODE        2
                text4                          00067C  000059  0006D5       CF8       0  CODE        2
                text5                          0006D5  000071  000746       DAA       0  CODE        2
                maintext                       000746  0000B4  0007FA       E8C       0  CODE        2
                cinit                          0007FA  000006  000800       FF4       0  CODE        2
                config                         002007  000002  002009      400E       0  CONFIG      2


UNUSED ADDRESS RANGES

        Name                Unused          Largest block    Delta
        BANK0            0020-006F             50           1
        BANK1            00A0-00EF             50           1
        BANK2            0110-016F             60           1
        BANK3            0190-01EF             60           1
        CODE             0014-05DF            5CC           2
                         0800-1FFF            800
        COMMON           007D-007D              1           1
        CONST            0014-05DF            100           2
                         0800-1FFF            100
        EEDATA           2100-21FF            100           2
        ENTRY            0014-05DF            100           2
                         0800-1FFF            100
        IDLOC            2000-2003              4           2
        RAM              0020-006F             50           1
                         00A0-00EF             50
                         0110-016F             60
                         0190-01EF             60
        SFR0             0000-001F             20           1
        SFR1             0080-009F             20           1
        SFR2             0100-010F             10           1
        SFR3             0180-018F             10           1
        STACK            0110-016F             60           1
        STRCODE          0014-05DF            5CC           2
                         0800-1FFF           1800
        STRING           0014-05DF            100           2
                         0800-1FFF            100

                                  Symbol Table

_ANSELH                   (abs)        0189
_OSCCON                   (abs)        008F
_PORTD                    (abs)        0008
_RD2                      (abs)        0042
_RD3                      (abs)        0043
_TRISD                    (abs)        0088
__CFG_BOR4V$BOR40V        (abs)        0000
__CFG_BOREN$ON            (abs)        0000
__CFG_CP$OFF              (abs)        0000
__CFG_CPD$OFF             (abs)        0000
__CFG_FCMEN$ON            (abs)        0000
__CFG_FOSC$INTRC_NOCLKOUT (abs)        0000
__CFG_IESO$ON             (abs)        0000
__CFG_LVP$OFF             (abs)        0000
__CFG_MCLRE$ON            (abs)        0000
__CFG_PWRTE$ON            (abs)        0000
__CFG_WDTE$OFF            (abs)        0000
__CFG_WRT$OFF             (abs)        0000
__Habs1                   abs1         0000
__Hbank0                  bank0        0000
__Hbank1                  bank1        0000
__Hbank2                  bank2        0000
__Hbank3                  bank3        0000
__HbssCOMMON              bssCOMMON    0000
__Hcinit                  cinit        0800
__Hclrtext                clrtext      0000
__Hcode                   code         0000
__Hcommon                 common       0000
__Hconfig                 config       2009
__HcstackCOMMON           cstackCOMMON 0000
__Heeprom_data            eeprom_data  0000
__Hend_init               end_init     0003
__Hfunctab                functab      0000
__Hidloc                  idloc        0000
__Hinit                   init         0000
__Hintentry               intentry     0000
__Hmaintext               maintext     0000
__Hpowerup                powerup      0000
__Hram                    ram          0000
__Hreset_vec              reset_vec    0000
__Hsfr0                   sfr0         0000
__Hsfr1                   sfr1         0000
__Hsfr2                   sfr2         0000
__Hsfr3                   sfr3         0000
__Hspace_0                (abs)        2009
__Hspace_1                (abs)        007D
__Hspace_2                (abs)        0000
__Hspace_3                (abs)        0000
__Hstack                  stack        0000
__Hstrings                strings      0000
__Htext                   text         0000
__Labs1                   abs1         0000
__Lbank0                  bank0        0000
__Lbank1                  bank1        0000
__Lbank2                  bank2        0000
__Lbank3                  bank3        0000
__LbssCOMMON              bssCOMMON    0000
__Lcinit                  cinit        07FA
__Lclrtext                clrtext      0000
__Lcode                   code         0000
__Lcommon                 common       0000
__Lconfig                 config       2007
__LcstackCOMMON           cstackCOMMON 0000
__Leeprom_data            eeprom_data  0000
__Lend_init               end_init     0000
__Lfunctab                functab      0000
__Lidloc                  idloc        0000
__Linit                   init         0000
__Lintentry               intentry     0000
__Lmaintext               maintext     0000
__Lpowerup                powerup      0000
__Lram                    ram          0000
__Lreset_vec              reset_vec    0000
__Lsfr0                   sfr0         0000
__Lsfr1                   sfr1         0000
__Lsfr2                   sfr2         0000
__Lsfr3                   sfr3         0000
__Lspace_0                (abs)        0000
__Lspace_1                (abs)        0000
__Lspace_2                (abs)        0000
__Lspace_3                (abs)        0000
__Lstack                  stack        0000
__Lstrings                strings      0000
__Ltext                   text         0000
__S0                      (abs)        2009
__S1                      (abs)        007D
__S2                      (abs)        0000
__S3                      (abs)        0000
___int_sp                 stack        0000
___latbits                (abs)        0002
___sp                     stack        0000
__end_of__initialization  cinit        07FC
__end_of__stringtab       strings      0009
__end_of_lcd_cmd          text7        0652
__end_of_lcd_custom       text5        0746
__end_of_lcd_ini          text4        06D5
__end_of_lcd_pos          text3        0629
__end_of_lcd_write_c      text6        067C
__end_of_lcd_write_s      text2        0608
__end_of_main             maintext     07FA
__end_of_setup            text1        05EC
__initialization          cinit        07FA
__pbssCOMMON              bssCOMMON    007B
__pcstackCOMMON           cstackCOMMON 0070
__pmaintext               maintext     0746
__pstrings                strings      0003
__ptext1                  text1        05E0
__ptext2                  text2        05EC
__ptext3                  text3        0608
__ptext4                  text4        067C
__ptext5                  text5        06D5
__ptext6                  text6        0652
__ptext7                  text7        0629
__size_of_lcd_cmd         (abs)        0000
__size_of_lcd_custom      (abs)        0000
__size_of_lcd_ini         (abs)        0000
__size_of_lcd_pos         (abs)        0000
__size_of_lcd_write_c     (abs)        0000
__size_of_lcd_write_s     (abs)        0000
__size_of_main            (abs)        0000
__size_of_setup           (abs)        0000
__stringbase              strings      0008
__stringtab               strings      0003
_i                        bssCOMMON    007B
_lcd_cmd                  text7        0629
_lcd_custom               text5        06D5
_lcd_ini                  text4        067C
_lcd_pos                  text3        0608
_lcd_write_c              text6        0652
_lcd_write_s              text2        05EC
_main                     maintext     0746
_setup                    text1        05E0
btemp                     (abs)        007E
end_of_initialization     cinit        07FC
intlevel0                 functab      0000
intlevel1                 functab      0000
intlevel2                 functab      0000
intlevel3                 functab      0000
intlevel4                 functab      0000
intlevel5                 functab      0000
lcd_cmd@cmd               cstackCOMMON 0070
lcd_pos@columna           cstackCOMMON 0076
lcd_pos@fila              cstackCOMMON 0074
lcd_write_c@ch            cstackCOMMON 0072
lcd_write_s@st            cstackCOMMON 0074
reset_vec                 reset_vec    0000
stackhi                   (abs)        0000
stacklo                   (abs)        0000
start                     init         0000
start_initialization      cinit        07FA
wtemp0                    (abs)        007E


FUNCTION INFORMATION:

 *************** function _main *****************
 Defined at:
		line 50 in file "main.c"
 Parameters:    Size  Location     Type
		None
 Auto vars:     Size  Location     Type
		None
 Return value:  Size  Location     Type
                  1    wreg      void 
 Registers used:
		wreg, fsr0l, fsr0h, status,2, status,0, btemp+1, pclath, cstack
 Tracked objects:
		On entry : 
		On exit  : 
		Unchanged: 
 Data sizes:     COMMON   BANK0   BANK1   BANK3   BANK2
      Params:         0       0       0       0       0
      Locals:         0       0       0       0       0
      Temps:          3       0       0       0       0
      Totals:         3       0       0       0       0
Total ram usage:        3 bytes
 Hardware stack levels required when called:    2
 This function calls:
		_lcd_cmd
		_lcd_custom
		_lcd_ini
		_lcd_pos
		_lcd_write_c
		_lcd_write_s
		_setup
 This function is called by:
		Startup code after reset
 This function uses a non-reentrant model


 *************** function _setup *****************
 Defined at:
		line 81 in file "main.c"
 Parameters:    Size  Location     Type
		None
 Auto vars:     Size  Location     Type
		None
 Return value:  Size  Location     Type
                  1    wreg      void 
 Registers used:
		wreg, status,2
 Tracked objects:
		On entry : 
		On exit  : 
		Unchanged: 
 Data sizes:     COMMON   BANK0   BANK1   BANK3   BANK2
      Params:         0       0       0       0       0
      Locals:         0       0       0       0       0
      Temps:          0       0       0       0       0
      Totals:         0       0       0       0       0
Total ram usage:        0 bytes
 Hardware stack levels used:    1
 This function calls:
		Nothing
 This function is called by:
		_main
 This function uses a non-reentrant model


 *************** function _lcd_write_s *****************
 Defined at:
		line 165 in file "LCD_header.h"
 Parameters:    Size  Location     Type
  st              1    wreg     PTR unsigned char 
		 -> STR_2(11), STR_1(11), 
 Auto vars:     Size  Location     Type
  st              1    4[COMMON] PTR unsigned char 
		 -> STR_2(11), STR_1(11), 
 Return value:  Size  Location     Type
                  1    wreg      void 
 Registers used:
		wreg, fsr0l, fsr0h, status,2, status,0, pclath, cstack
 Tracked objects:
		On entry : 
		On exit  : 
		Unchanged: 
 Data sizes:     COMMON   BANK0   BANK1   BANK3   BANK2
      Params:         0       0       0       0       0
      Locals:         1       0       0       0       0
      Temps:          1       0       0       0       0
      Totals:         2       0       0       0       0
Total ram usage:        2 bytes
 Hardware stack levels used:    1
 Hardware stack levels required when called:    1
 This function calls:
		_lcd_write_c
 This function is called by:
		_main
 This function uses a non-reentrant model


 *************** function _lcd_pos *****************
 Defined at:
		line 172 in file "LCD_header.h"
 Parameters:    Size  Location     Type
  fila            2    4[COMMON] int 
  columna         2    6[COMMON] int 
 Auto vars:     Size  Location     Type
		None
 Return value:  Size  Location     Type
                  1    wreg      void 
 Registers used:
		wreg, status,2, status,0, pclath, cstack
 Tracked objects:
		On entry : 
		On exit  : 
		Unchanged: 
 Data sizes:     COMMON   BANK0   BANK1   BANK3   BANK2
      Params:         4       0       0       0       0
      Locals:         0       0       0       0       0
      Temps:          0       0       0       0       0
      Totals:         4       0       0       0       0
Total ram usage:        4 bytes
 Hardware stack levels used:    1
 Hardware stack levels required when called:    1
 This function calls:
		_lcd_cmd
 This function is called by:
		_main
 This function uses a non-reentrant model


 *************** function _lcd_ini *****************
 Defined at:
		line 128 in file "LCD_header.h"
 Parameters:    Size  Location     Type
		None
 Auto vars:     Size  Location     Type
		None
 Return value:  Size  Location     Type
                  1    wreg      void 
 Registers used:
		wreg, status,2, status,0, pclath, cstack
 Tracked objects:
		On entry : 
		On exit  : 
		Unchanged: 
 Data sizes:     COMMON   BANK0   BANK1   BANK3   BANK2
      Params:         0       0       0       0       0
      Locals:         0       0       0       0       0
      Temps:          2       0       0       0       0
      Totals:         2       0       0       0       0
Total ram usage:        2 bytes
 Hardware stack levels used:    1
 Hardware stack levels required when called:    1
 This function calls:
		_lcd_cmd
 This function is called by:
		_main
 This function uses a non-reentrant model


 *************** function _lcd_custom *****************
 Defined at:
		line 183 in file "LCD_header.h"
 Parameters:    Size  Location     Type
		None
 Auto vars:     Size  Location     Type
		None
 Return value:  Size  Location     Type
                  1    wreg      void 
 Registers used:
		wreg, status,2, status,0, pclath, cstack
 Tracked objects:
		On entry : 
		On exit  : 
		Unchanged: 
 Data sizes:     COMMON   BANK0   BANK1   BANK3   BANK2
      Params:         0       0       0       0       0
      Locals:         0       0       0       0       0
      Temps:          0       0       0       0       0
      Totals:         0       0       0       0       0
Total ram usage:        0 bytes
 Hardware stack levels used:    1
 Hardware stack levels required when called:    1
 This function calls:
		_lcd_cmd
		_lcd_write_c
 This function is called by:
		_main
 This function uses a non-reentrant model


 *************** function _lcd_write_c *****************
 Defined at:
		line 155 in file "LCD_header.h"
 Parameters:    Size  Location     Type
  ch              1    wreg     unsigned char 
 Auto vars:     Size  Location     Type
  ch              1    2[COMMON] unsigned char 
 Return value:  Size  Location     Type
                  1    wreg      void 
 Registers used:
		wreg, status,2, status,0
 Tracked objects:
		On entry : 
		On exit  : 
		Unchanged: 
 Data sizes:     COMMON   BANK0   BANK1   BANK3   BANK2
      Params:         0       0       0       0       0
      Locals:         1       0       0       0       0
      Temps:          2       0       0       0       0
      Totals:         3       0       0       0       0
Total ram usage:        3 bytes
 Hardware stack levels used:    1
 This function calls:
		Nothing
 This function is called by:
		_lcd_write_s
		_lcd_custom
		_main
 This function uses a non-reentrant model


 *************** function _lcd_cmd *****************
 Defined at:
		line 145 in file "LCD_header.h"
 Parameters:    Size  Location     Type
  cmd             2    0[COMMON] int 
 Auto vars:     Size  Location     Type
		None
 Return value:  Size  Location     Type
                  1    wreg      void 
 Registers used:
		wreg, status,2, status,0
 Tracked objects:
		On entry : 
		On exit  : 
		Unchanged: 
 Data sizes:     COMMON   BANK0   BANK1   BANK3   BANK2
      Params:         2       0       0       0       0
      Locals:         0       0       0       0       0
      Temps:          2       0       0       0       0
      Totals:         4       0       0       0       0
Total ram usage:        4 bytes
 Hardware stack levels used:    1
 This function calls:
		Nothing
 This function is called by:
		_lcd_ini
		_lcd_pos
		_lcd_custom
		_main
 This function uses a non-reentrant model



MODULE INFORMATION

Module		Function		Class		Link	Load	Size
shared
		__stringtab    		STRING         	0003	0000	7
		__initialization		CODE           	07FA	0000	3

shared estimated size: 10

LCD_header.h
		_lcd_cmd       		CODE           	0629	0000	42
		_lcd_custom    		CODE           	06D5	0000	114
		_lcd_pos       		CODE           	0608	0000	34
		_lcd_write_c   		CODE           	0652	0000	43
		_lcd_write_s   		CODE           	05EC	0000	29
		_lcd_ini       		CODE           	067C	0000	90

LCD_header.h estimated size: 352

main.c
		_main          		CODE           	0746	0000	181
		_setup         		CODE           	05E0	0000	13

main.c estimated size: 194

