Microchip MPLAB XC8 Compiler V2.10 ()

Linker command line:

-W-3 --edf=C:\Program Files (x86)\Microchip\xc8\v2.10\pic\dat\en_msgs.txt \
  -cs -h+dist/default/production\StopBreakingFuzzy.X.production.sym \
  --cmf=dist/default/production\StopBreakingFuzzy.X.production.cmf -z -w9 \
  --disl=596:off --norlf -Q16F887 \
  -oC:\Users\larj3\AppData\Local\Temp\sags.2 --defsym=__MPLAB_BUILD=1 \
  -Mdist/default/production/StopBreakingFuzzy.X.production.map -E1 -ver=XC8 \
  --acfsm=1493 -ACODE=00h-07FFhx4 -ASTRCODE=00h-01FFFh -ASTRING=00h-0FFhx32 \
  -ACONST=00h-0FFhx32 -AENTRY=00h-0FFhx32 -ACOMMON=070h-07Fh \
  -ABANK0=020h-06Fh -ABANK1=0A0h-0EFh -ABANK2=0110h-016Fh \
  -ABANK3=0190h-01EFh -ARAM=020h-06Fh,0A0h-0EFh,0110h-016Fh,0190h-01EFh \
  -AABS1=020h-07Fh,0A0h-0EFh,0110h-016Fh,0190h-01EFh -ASFR0=00h-01Fh \
  -ASFR1=080h-09Fh -ASFR2=0100h-010Fh -ASFR3=0180h-018Fh \
  -preset_vec=00h,intentry,init,end_init -ppowerup=CODE -pcinit=CODE \
  -pfunctab=ENTRY -ACONFIG=02007h-02008h -pconfig=CONFIG -DCONFIG=2 \
  -AIDLOC=02000h-02003h -pidloc=IDLOC -DIDLOC=2 -AEEDATA=00h-0FFh/02100h \
  -peeprom_data=EEDATA -DEEDATA=2 -DCODE=2 -DSTRCODE=2 -DSTRING=2 -DCONST=2 \
  -DENTRY=2 -k C:\Users\larj3\AppData\Local\Temp\sags.o \
  dist/default/production\StopBreakingFuzzy.X.production.o 

Object code version is 3.11

Machine type is 16F887



                Name                               Link     Load   Length Selector   Space Scale
C:\Users\larj3\AppData\Local\Temp\sags.o
                end_init                              0        0        4        0       0
dist/default/production\StopBreakingFuzzy.X.production.o
                cinit                               7E2      7E2       1E      FC4       0
                text18_split_3                      A0F      A0F      5F1     141E       0
                text18_split_2                     183D     183D      28B     307A       0
                text17_split_1                       98       98      74A      130       0
                text28                                0        0       67        0       0
                text27                               67       67       25        0       0
                text26                              832      832      1DD     1064       0
                text25                               8C       8C       A4        0       0
                text24                              130      130       27        0       0
                text23                             12D7     12D7      529     25AE       0
                text22                              157      157      288        0       0
                text21                              3DF      3DF       24        0       0
                text20                               1C       1C       7C       38       0
                text19                              403      403       BC        0       0
                text18                             101A     101A      2BD     2034       0
                text17                             1AC8     1AC8      28B     3590       0
                text16                                B        B       11       16       0
                text15                              4BF      4BF       C2        0       0
                text14                              581      581       44        0       0
                text13                             1803     1803       3A     3006       0
                text12                              5C5      5C5       72        0       0
                text11                              637      637       26        0       0
                text10                              65D      65D       29        0       0
                text9                               686      686       5B        0       0
                text8                               6E1      6E1       28        0       0
                text7                               709      709       2A        0       0
                text6                               733      733       26        0       0
                text5                               759      759       4E        0       0
                text4                               7A7      7A7       54        0       0
                text3                               7FB      7FB       6E        0       0
                text2                               869      869       DB        0       0
                text1                               807      807       2B     100E       0
                maintext                           1D53     1D53      2AD     3AA6       0
                cstackBANK0                          20       20       50       20       1
                cstackCOMMON                         70       70        E       70       1
                cstackBANK1                          A0       A0       48       A0       1
                cstackBANK3                         190      190       54      190       1
                clrtext                            1012     1012        8     2024       0
                bssBANK2                            110      110       4E      110       1
                bssBANK3                            1E4      1E4        C      190       1
                bssBANK1                             E8       E8        8       A0       1
                strings                             944      944       33        0       0

TOTAL           Name                               Link     Load   Length     Space
        CLASS   CODE           
                end_init                              0        0        4         0
                cinit                               7E2      7E2       1E         0
                text18_split_3                      A0F      A0F      5F1         0
                text18_split_2                     183D     183D      28B         0
                text17_split_1                       98       98      74A         0
                text28                                0        0       67         0
                text27                               67       67       25         0
                text26                              832      832      1DD         0
                text25                               8C       8C       A4         0
                text24                              130      130       27         0
                text23                             12D7     12D7      529         0
                text22                              157      157      288         0
                text21                              3DF      3DF       24         0
                text20                               1C       1C       7C         0
                text19                              403      403       BC         0
                text18                             101A     101A      2BD         0
                text17                             1AC8     1AC8      28B         0
                text16                                B        B       11         0
                text15                              4BF      4BF       C2         0
                text14                              581      581       44         0
                text13                             1803     1803       3A         0
                text12                              5C5      5C5       72         0
                text11                              637      637       26         0
                text10                              65D      65D       29         0
                text9                               686      686       5B         0
                text8                               6E1      6E1       28         0
                text7                               709      709       2A         0
                text6                               733      733       26         0
                text5                               759      759       4E         0
                text4                               7A7      7A7       54         0
                text3                               7FB      7FB       6E         0
                text2                               869      869       DB         0
                text1                               807      807       2B         0
                maintext                           1D53     1D53      2AD         0
                clrtext                            1012     1012        8         0

        CLASS   STRCODE        

        CLASS   STRING         
                strings                             944      944       33         0

        CLASS   CONST          

        CLASS   ENTRY          

        CLASS   COMMON         
                cstackCOMMON                         70       70        E         1

        CLASS   BANK0          
                cstackBANK0                          20       20       50         1

        CLASS   BANK1          
                cstackBANK1                          A0       A0       48         1
                bssBANK1                             E8       E8        8         1

        CLASS   BANK2          
                bssBANK2                            110      110       4E         1

        CLASS   BANK3          
                cstackBANK3                         190      190       54         1
                bssBANK3                            1E4      1E4        C         1

        CLASS   RAM            

        CLASS   ABS1           
                abs_s1                               7E       7E        2         1

        CLASS   SFR0           

        CLASS   SFR1           

        CLASS   SFR2           

        CLASS   SFR3           

        CLASS   CONFIG         

        CLASS   IDLOC          

        CLASS   EEDATA         

        CLASS   STACK          



SEGMENTS        Name                           Load    Length   Top    Selector   Space  Class     Delta

                reset_vec                      000000  000004  000004         0       0  CODE        2
                text16                         00000B  000011  00001C        16       0  CODE        2
                cstackBANK0                    000020  000050  000070        20       1  BANK0       1
                text20                         00001C  00007C  000098        38       0  CODE        2
                cstackCOMMON                   000070  00000E  00007E        70       1  COMMON      1
                cstackBANK1                    0000A0  000050  0000F0        A0       1  BANK1       1
                bssBANK2                       000110  00004E  00015E       110       1  BANK2       1
                text17_split_1                 000098  00074A  0007E2       130       0  CODE        2
                cstackBANK3                    000190  000060  0001F0       190       1  BANK3       1
                cinit                          0007E2  00001E  000800       FC4       0  CODE        2
                text1                          000807  00002B  000832      100E       0  CODE        2
                text26                         000832  0001DD  000A0F      1064       0  CODE        2
                text18_split_3                 000A0F  0005F1  001000      141E       0  CODE        2
                clrtext                        001012  000008  00101A      2024       0  CODE        2
                text18                         00101A  0002BD  0012D7      2034       0  CODE        2
                text23                         0012D7  000529  001800      25AE       0  CODE        2
                text13                         001803  00003A  00183D      3006       0  CODE        2
                text18_split_2                 00183D  00028B  001AC8      307A       0  CODE        2
                text17                         001AC8  00028B  001D53      3590       0  CODE        2
                maintext                       001D53  0002AD  002000      3AA6       0  CODE        2


UNUSED ADDRESS RANGES

        Name                Unused          Largest block    Delta
        BANK2            00015E-00016F               12           1
        CODE             001000-001011               12           2
                         001800-001802                3
        CONFIG           002007-002008                2           2
        CONST            001000-001011               12           2
                         001800-001802                3
        EEDATA           002100-0021FF              100           2
        ENTRY            001000-001011               12           2
                         001800-001802                3
        IDLOC            002000-002003                4           2
        RAM              00015E-00016F               12           1
        SFR0             000000-00001F               20           1
        SFR1             000080-00009F               20           1
        SFR2             000100-00010F               10           1
        SFR3             000180-00018F               10           1
        STRCODE          001000-001011               12           2
                         001800-001802                3
        STRING           001000-001011               12           2
                         001800-001802                3

                                  Symbol Table

__CFG_BOR4V$BOR40V        (abs)        000000
__CFG_BOREN$ON            (abs)        000000
__CFG_CP$OFF              (abs)        000000
__CFG_CPD$OFF             (abs)        000000
__CFG_FCMEN$ON            (abs)        000000
__CFG_FOSC$INTRC_NOCLKOUT (abs)        000000
__CFG_IESO$ON             (abs)        000000
__CFG_LVP$OFF             (abs)        000000
__CFG_MCLRE$ON            (abs)        000000
__CFG_PWRTE$ON            (abs)        000000
__CFG_WDTE$OFF            (abs)        000000
__CFG_WRT$OFF             (abs)        000000
__Habs1                   abs1         000000
__Hbank0                  bank0        000000
__Hbank1                  bank1        000000
__Hbank2                  bank2        000000
__Hbank3                  bank3        000000
__Hclrtext                clrtext      000000
__Hcode                   code         000000
__Hcommon                 common       000000
__Hconfig                 config       000000
__Heeprom_data            eeprom_data  000000
__Hfunctab                functab      000000
__Hidloc                  idloc        000000
__Hinit                   init         000000
__Hintentry               intentry     000000
__Hmaintext               maintext     000000
__Hpowerup                powerup      000000
__Hram                    ram          000000
__Hreset_vec              reset_vec    000000
__Hsfr0                   sfr0         000000
__Hsfr1                   sfr1         000000
__Hsfr2                   sfr2         000000
__Hsfr3                   sfr3         000000
__Hspace_2                (abs)        000000
__Hspace_3                (abs)        000000
__Hstack                  stack        000000
__Hstrings                strings      000000
__Htext                   text         000000
__Labs1                   abs1         000000
__Lbank0                  bank0        000000
__Lbank1                  bank1        000000
__Lbank2                  bank2        000000
__Lbank3                  bank3        000000
__Lclrtext                clrtext      000000
__Lcode                   code         000000
__Lcommon                 common       000000
__Lconfig                 config       000000
__Leeprom_data            eeprom_data  000000
__Lend_init               end_init     000000
__Lfunctab                functab      000000
__Lidloc                  idloc        000000
__Linit                   init         000000
__Lintentry               intentry     000000
__Lmaintext               maintext     000000
__Lpowerup                powerup      000000
__Lram                    ram          000000
__Lreset_vec              reset_vec    000000
__Lsfr0                   sfr0         000000
__Lsfr1                   sfr1         000000
__Lsfr2                   sfr2         000000
__Lsfr3                   sfr3         000000
__Lspace_0                (abs)        000000
__Lspace_1                (abs)        000000
__Lspace_2                (abs)        000000
__Lspace_3                (abs)        000000
__Lstack                  stack        000000
__Lstrings                strings      000000
__Ltext                   text         000000
__S3                      (abs)        000000
___awdiv                  text28       000000
___int_sp                 stack        000000
___sp                     stack        000000
___stackhi                (abs)        000000
___stacklo                (abs)        000000
__ptext28                 text28       000000
__size_of_Fuz             (abs)        000000
__size_of__Umul8_16       (abs)        000000
__size_of___awdiv         (abs)        000000
__size_of___fladd         (abs)        000000
__size_of___fldiv         (abs)        000000
__size_of___fleq          (abs)        000000
__size_of___flge          (abs)        000000
__size_of___flmul         (abs)        000000
__size_of___flsub         (abs)        000000
__size_of___fltol         (abs)        000000
__size_of___lwdiv         (abs)        000000
__size_of___lwmod         (abs)        000000
__size_of___wmul          (abs)        000000
__size_of___xxtofl        (abs)        000000
__size_of_abs             (abs)        000000
__size_of_distancia       (abs)        000000
__size_of_frexp           (abs)        000000
__size_of_itoa            (abs)        000000
__size_of_lcd_cmd         (abs)        000000
__size_of_lcd_ini         (abs)        000000
__size_of_lcd_pos         (abs)        000000
__size_of_lcd_write_c     (abs)        000000
__size_of_lcd_write_s     (abs)        000000
__size_of_main            (abs)        000000
__size_of_pimf            (abs)        000000
__size_of_round           (abs)        000000
__size_of_setup           (abs)        000000
__size_of_trunc           (abs)        000000
__size_of_utoa            (abs)        000000
___latbits                (abs)        000002
_PORTC                    (abs)        000007
_PORTD                    (abs)        000008
__Hend_init               end_init     000004
_TMR1                     (abs)        00000E
_TMR1L                    (abs)        00000E
_TMR1H                    (abs)        00000F
_T1CON                    (abs)        000010
_T2CON                    (abs)        000012
__ptext16                 text16       00000B
_abs                      text16       00000B
_CCPR2L                   (abs)        00001B
_CCP2CON                  (abs)        00001D
__pcstackBANK0            cstackBANK0  000020
___xxtofl@sign            cstackBANK0  000024
___xxtofl@exp             cstackBANK0  000025
___xxtofl@arg             cstackBANK0  000026
?___fldiv                 cstackBANK0  00002A
___fldiv@a                cstackBANK0  00002A
___fldiv@b                cstackBANK0  00002E
___fldiv@rem              cstackBANK0  000037
___fltol                  text20       00001C
__end_of_abs              text16       00001C
__ptext20                 text20       00001C
___fldiv@sign             cstackBANK0  00003B
___fldiv@new_exp          cstackBANK0  00003C
___fldiv@grs              cstackBANK0  00003E
_RD0                      (abs)        000040
_RD1                      (abs)        000041
_RD2                      (abs)        000042
___fldiv@bexp             cstackBANK0  000042
_RD3                      (abs)        000043
___fldiv@aexp             cstackBANK0  000043
?___fladd                 cstackBANK0  000044
___fladd@b                cstackBANK0  000044
___fladd@a                cstackBANK0  000048
___fladd@signs            cstackBANK0  000054
___fladd@aexp             cstackBANK0  000055
___fladd@bexp             cstackBANK0  000056
___fladd@grs              cstackBANK0  000057
?___flsub                 cstackBANK0  000058
___flge@ff1               cstackBANK0  000058
___flsub@a                cstackBANK0  000058
___flge@ff2               cstackBANK0  00005C
___flsub@b                cstackBANK0  00005C
?___flmul                 cstackBANK0  000060
?___fltol                 cstackBANK0  000060
___flmul@b                cstackBANK0  000060
___fltol@f1               cstackBANK0  000060
___flmul@a                cstackBANK0  000064
___fltol@sign1            cstackBANK0  000069
___fltol@exp1             cstackBANK0  00006A
?_trunc                   cstackBANK0  00006B
?__Umul8_16               cstackCOMMON 000070
?___awdiv                 cstackCOMMON 000070
?___lwdiv                 cstackCOMMON 000070
?___lwmod                 cstackCOMMON 000070
?___wmul                  cstackCOMMON 000070
?_abs                     cstackCOMMON 000070
__Umul8_16@multiplicand   cstackCOMMON 000070
___awdiv@divisor          cstackCOMMON 000070
___fleq@ff1               cstackCOMMON 000070
___lwdiv@divisor          cstackCOMMON 000070
___lwmod@divisor          cstackCOMMON 000070
___wmul@multiplier        cstackCOMMON 000070
__pcstackCOMMON           cstackCOMMON 000070
abs@a                     cstackCOMMON 000070
___awdiv@dividend         cstackCOMMON 000072
___lwdiv@dividend         cstackCOMMON 000072
___lwmod@dividend         cstackCOMMON 000072
___wmul@multiplicand      cstackCOMMON 000072
__Umul8_16@product        cstackCOMMON 000074
___fleq@ff2               cstackCOMMON 000074
___wmul@product           cstackCOMMON 000074
___awdiv@counter          cstackCOMMON 000075
___lwdiv@quotient         cstackCOMMON 000075
___lwmod@counter          cstackCOMMON 000075
__Umul8_16@word_mpld      cstackCOMMON 000076
___awdiv@sign             cstackCOMMON 000076
___awdiv@quotient         cstackCOMMON 000077
___lwdiv@counter          cstackCOMMON 000077
__Umul8_16@multiplier     cstackCOMMON 000078
?___xxtofl                cstackCOMMON 000079
___xxtofl@val             cstackCOMMON 000079
_TMR1ON                   (abs)        000080
_TRISC                    (abs)        000087
_TRISD                    (abs)        000088
_OSCCON                   (abs)        00008F
_PR2                      (abs)        000092
___flmul@sign             cstackBANK1  0000A0
__pcstackBANK1            cstackBANK1  0000A0
___flmul@grs              cstackBANK1  0000A1
___flmul@aexp             cstackBANK1  0000A5
?_round                   cstackBANK1  0000A6
___flmul@bexp             cstackBANK1  0000A6
___flmul@prod             cstackBANK1  0000A7
___flmul@temp             cstackBANK1  0000AB
?_pimf                    cstackBANK1  0000AD
_pimf$823                 cstackBANK1  0000BF
_pimf$824                 cstackBANK1  0000C3
?_Fuz                     cstackBANK1  0000C7
Fuz@X                     cstackBANK1  0000C7
Fuz@Y                     cstackBANK1  0000C9
___wmul                   text27       000067
__end_of___awdiv          text28       000067
__ptext27                 text27       000067
_main$825                 cstackBANK1  0000D4
_main$826                 cstackBANK1  0000D8
_main$827                 cstackBANK1  0000DC
_main$828                 cstackBANK1  0000E0
_main$829                 cstackBANK1  0000E4
_V                        bssBANK1     0000E8
__pbssBANK1               bssBANK1     0000E8
_us                       bssBANK1     0000EA
_cm                       bssBANK1     0000EC
_P                        bssBANK1     0000EE
__pbssBANK2               bssBANK2     000110
___flge                   text25       00008C
__end_of___wmul           text27       00008C
__ptext25                 text25       00008C
__end_of___fltol          text20       000098
_d2                       bssBANK2     00014A
_d1                       bssBANK2     00014E
_cmf                      bssBANK2     000152
_velo                     bssBANK2     000156
_centi                    bssBANK2     00015B
__pcstackBANK3            cstackBANK3  000190
Fuz@Centroid              cstackBANK3  000194
Fuz@step                  cstackBANK3  000196
Fuz@n                     cstackBANK3  00019A
Fuz@N                     cstackBANK3  00019C
Fuz@D                     cstackBANK3  00019E
Fuz@FCL                   cstackBANK3  0001A0
Fuz@A                     cstackBANK3  0001A2
Fuz@j                     cstackBANK3  0001AA
Fuz@i                     cstackBANK3  0001AC
Fuz@CL                    cstackBANK3  0001AE
Fuz@Min                   cstackBANK3  0001B8
Fuz@B                     cstackBANK3  0001D8
Fuz@ii                    cstackBANK3  0001E0
Fuz@z                     cstackBANK3  0001E2
__pbssBANK3               bssBANK3     0001E4
_tiempo                   bssBANK3     0001E4
_f                        bssBANK3     0001E8
_DUTY                     bssBANK3     0001EE
__Hspace_1                (abs)        0001F0
__S1                      (abs)        0001F0
__Umul8_16                text24       000130
__end_of___flge           text25       000130
__ptext24                 text24       000130
___fladd                  text22       000157
__end_of__Umul8_16        text24       000157
__ptext22                 text22       000157
___flsub                  text21       0003DF
__end_of___fladd          text22       0003DF
__ptext21                 text21       0003DF
___xxtofl                 text19       000403
__end_of___flsub          text21       000403
__ptext19                 text19       000403
__end_of___xxtofl         text19       0004BF
__ptext15                 text15       0004BF
_distancia                text15       0004BF
___lwdiv                  text14       000581
__end_of_distancia        text15       000581
__ptext14                 text14       000581
__end_of___lwdiv          text14       0005C5
__ptext12                 text12       0005C5
_utoa                     text12       0005C5
__end_of_utoa             text12       000637
__ptext11                 text11       000637
_itoa                     text11       000637
__end_of_itoa             text11       00065D
__ptext10                 text10       00065D
_lcd_cmd                  text10       00065D
__end_of_lcd_cmd          text10       000686
__ptext9                  text9        000686
_lcd_ini                  text9        000686
__end_of_lcd_ini          text9        0006E1
__ptext8                  text8        0006E1
_lcd_pos                  text8        0006E1
__end_of_lcd_pos          text8        000709
__ptext7                  text7        000709
_lcd_write_c              text7        000709
__end_of_lcd_write_c      text7        000733
__ptext6                  text6        000733
_lcd_write_s              text6        000733
___fleq                   text5        000759
__end_of_lcd_write_s      text6        000759
__ptext5                  text5        000759
__end_of___fleq           text5        0007A7
__ptext4                  text4        0007A7
_frexp                    text4        0007A7
__Lcinit                  cinit        0007E2
__end_of_Fuz              text17_split_1 0007E2
__initialization          cinit        0007E2
__end_of_frexp            text4        0007FB
__ptext3                  text3        0007FB
_trunc                    text3        0007FB
__end_of__initialization  cinit        0007FC
__Hcinit                  cinit        000800
__ptext1                  text1        000807
_setup                    text1        000807
___fldiv                  text26       000832
__end_of_setup            text1        000832
__ptext26                 text26       000832
__end_of_trunc            text3        000869
__ptext2                  text2        000869
_round                    text2        000869
__HbssBANK1               bssBANK1     001288
__HbssBANK2               bssBANK2     001288
__HbssBANK3               bssBANK3     001288
__HcstackBANK0            cstackBANK0  001288
__HcstackBANK1            cstackBANK1  001288
__HcstackBANK3            cstackBANK3  001288
__HcstackCOMMON           cstackCOMMON 001288
__LbssBANK1               bssBANK1     001288
__LbssBANK2               bssBANK2     001288
__LbssBANK3               bssBANK3     001288
__LcstackBANK0            cstackBANK0  001288
__LcstackBANK1            cstackBANK1  001288
__LcstackBANK3            cstackBANK3  001288
__LcstackCOMMON           cstackCOMMON 001288
__end_of_round            text2        000944
__pstrings                strings      000944
__stringtab               strings      000944
__stringbase              strings      000953
__end_of__stringtab       strings      000954
__end_of___fldiv          text26       000A0F
__Hspace_0                (abs)        002000
__S0                      (abs)        002000
__end_of_pimf             text18_split_3 001000
__ptext18                 text18       00101A
_pimf                     text18       00101A
___flmul                  text23       0012D7
__ptext23                 text23       0012D7
__end_of___flmul          text23       001800
___lwmod                  text13       001803
__ptext13                 text13       001803
__end_of___lwmod          text13       00183D
_Fuz                      text17       001AC8
__ptext17                 text17       001AC8
__pmaintext               maintext     001D53
_main                     maintext     001D53
__end_of_main             maintext     002000
btemp                     (abs)        00007E
frexp@value               cstackBANK0  000020
frexp@eptr                cstackBANK0  000024
intlevel0                 functab      000000
intlevel1                 functab      000000
intlevel2                 functab      000000
intlevel3                 functab      000000
intlevel4                 functab      000000
intlevel5                 functab      000000
reset_vec                 reset_vec    000000
pnum$text17               (abs)        00001D
pnum$text18               (abs)        00001E
itoa@val                  cstackBANK0  000024
itoa@base                 cstackBANK0  000026
itoa@buf                  cstackBANK0  000029
pnum$text17_split_1       (abs)        000029
pnum$text18_split_2       (abs)        00002A
pnum$text18_split_3       (abs)        00002B
lcd_cmd@cmd               cstackCOMMON 000070
lcd_write_c@ch            cstackCOMMON 000072
lcd_write_s@st            cstackCOMMON 000073
lcd_pos@fila              cstackCOMMON 000074
lcd_pos@columna           cstackCOMMON 000076
pimf@x                    cstackBANK1  0000AD
pimf@a                    cstackBANK1  0000AF
pimf@b                    cstackBANK1  0000B3
pimf@c                    cstackBANK1  0000B7
pimf@d                    cstackBANK1  0000BB
round@x                   cstackBANK1  0000A6
round@f                   cstackBANK1  0000AA
start                     init         000000
utoa@v                    cstackBANK0  000020
utoa@c                    cstackBANK0  000022
utoa@buf                  cstackBANK0  000023
trunc@x                   cstackBANK0  00006B
utoa@val                  cstackCOMMON 000078
utoa@base                 cstackCOMMON 00007A
wtemp0                    (abs)        00007E
trunc@i                   cstackBANK1  0000A0
trunc@expon               cstackBANK1  0000A4
start_initialization      cinit        0007E2
end_of_initialization     cinit        0007FC
clear_ram0                clrtext      001012
psplit$0                  (abs)        1D0029
psplit$1                  (abs)        1E002A
psplit$2                  (abs)        2A002B
