Microchip MPLAB XC8 Compiler V2.10 ()

Linker command line:

-W-3 --edf=C:\Program Files (x86)\Microchip\xc8\v2.10\pic\dat\en_msgs.txt \
  -cs -h+dist/default/debug\GLCD.X.debug.sym \
  --cmf=dist/default/debug\GLCD.X.debug.cmf -z -Q16F887 \
  -oC:\Users\larj3\AppData\Local\Temp\s1q0.2 --defsym=__MPLAB_BUILD=1 \
  -Mdist/default/debug/GLCD.X.debug.map -E1 -ver=XC8 --acfsm=1493 \
  -ASTACK=0110h-016Fh -pstack=STACK -ACODE=00h-07FFhx4 -ASTRCODE=00h-01FFFh \
  -ASTRING=00h-0FFhx32 -ACONST=00h-0FFhx32 -AENTRY=00h-0FFhx32 \
  -ACOMMON=070h-07Fh -ABANK0=020h-06Fh -ABANK1=0A0h-0EFh \
  -ABANK2=0110h-016Fh -ABANK3=0190h-01EFh \
  -ARAM=020h-06Fh,0A0h-0EFh,0110h-016Fh,0190h-01EFh \
  -AABS1=020h-07Fh,0A0h-0EFh,0110h-016Fh,0190h-01EFh -ASFR0=00h-01Fh \
  -ASFR1=080h-09Fh -ASFR2=0100h-010Fh -ASFR3=0180h-018Fh \
  -preset_vec=00h,intentry,init,end_init -ppowerup=CODE -pcinit=CODE \
  -pfunctab=ENTRY -ACONFIG=02007h-02008h -pconfig=CONFIG -DCONFIG=2 \
  -AIDLOC=02000h-02003h -pidloc=IDLOC -DIDLOC=2 -AEEDATA=00h-0FFh/02100h \
  -peeprom_data=EEDATA -DEEDATA=2 -DCODE=2 -DSTRCODE=2 -DSTRING=2 -DCONST=2 \
  -DENTRY=2 -k C:\Users\larj3\AppData\Local\Temp\s1q0.o \
  dist/default/debug\GLCD.X.debug.o 

Object code version is 3.11

Machine type is 16F887



                Name                               Link     Load   Length Selector   Space Scale
C:\Users\larj3\AppData\Local\Temp\s1q0.o
                end_init                              0        0        3        0       0
                config                             2007     2007        2     400E       0
dist/default/debug\GLCD.X.debug.o
                cinit                               7F6      7F6        A      FEC       0
                text12                              635      635        E      C6A       0
                text11                              62B      62B        A      C56       0
                text10                              6A2      6A2       23      D44       0
                text9                               681      681       21      D02       0
                text8                               61B      61B        8      C36       0
                text7                               623      623        8      C46       0
                text6                               746      746       57      E8C       0
                text5                               66A      66A       17      CD4       0
                text4                               6C5      6C5       34      D8A       0
                text3                               655      655       15      CAA       0
                text2                               6F9      6F9       4D      DF2       0
                text1                               79D      79D       59      F3A       0
                maintext                            643      643       12      C86       0
                cstackCOMMON                         70       70        C       70       1
                bssBANK0                             20       20        4       20       1
                stringtext                          800      800      5ED       10       0

TOTAL           Name                               Link     Load   Length     Space
        CLASS   STACK          

        CLASS   CODE           
                end_init                              0        0        3         0
                cinit                               7F6      7F6        A         0
                text12                              635      635        E         0
                text11                              62B      62B        A         0
                text10                              6A2      6A2       23         0
                text9                               681      681       21         0
                text8                               61B      61B        8         0
                text7                               623      623        8         0
                text6                               746      746       57         0
                text5                               66A      66A       17         0
                text4                               6C5      6C5       34         0
                text3                               655      655       15         0
                text2                               6F9      6F9       4D         0
                text1                               79D      79D       59         0
                maintext                            643      643       12         0

        CLASS   STRCODE        
                stringtext                          800      800      5ED         0

        CLASS   STRING         

        CLASS   CONST          

        CLASS   ENTRY          

        CLASS   COMMON         
                cstackCOMMON                         70       70        C         1

        CLASS   BANK0          
                bssBANK0                             20       20        4         1

        CLASS   BANK1          

        CLASS   BANK2          

        CLASS   BANK3          

        CLASS   RAM            

        CLASS   ABS1           
                abs_s1                               7E       7E        2         1

        CLASS   SFR0           

        CLASS   SFR1           

        CLASS   SFR2           

        CLASS   SFR3           

        CLASS   CONFIG         
                config                             2007     2007        2         0

        CLASS   IDLOC          

        CLASS   EEDATA         



SEGMENTS        Name                           Load    Length   Top    Selector   Space  Class     Delta

                reset_vec                      000000  000003  000003         0       0  CODE        2
                bssBANK0                       000020  000004  000024        20       1  BANK0       1
                cstackCOMMON                   000070  00000C  00007C        70       1  COMMON      1
                text8                          00061B  000008  000623       C36       0  CODE        2
                text7                          000623  000008  00062B       C46       0  CODE        2
                text11                         00062B  00000A  000635       C56       0  CODE        2
                text12                         000635  00000E  000643       C6A       0  CODE        2
                maintext                       000643  000012  000655       C86       0  CODE        2
                text3                          000655  000015  00066A       CAA       0  CODE        2
                text5                          00066A  000017  000681       CD4       0  CODE        2
                text9                          000681  000021  0006A2       D02       0  CODE        2
                text10                         0006A2  000023  0006C5       D44       0  CODE        2
                text4                          0006C5  000034  0006F9       D8A       0  CODE        2
                text2                          0006F9  00004D  000746       DF2       0  CODE        2
                text6                          000746  000057  00079D       E8C       0  CODE        2
                text1                          00079D  000059  0007F6       F3A       0  CODE        2
                cinit                          0007F6  00000A  000800       FEC       0  CODE        2
                stringtext                     000800  0005ED  000DED        10       0  STRCODE     2
                config                         002007  000002  002009      400E       0  CONFIG      2


UNUSED ADDRESS RANGES

        Name                Unused          Largest block    Delta
        BANK0            0024-006F             4C           1
        BANK1            00A0-00EF             50           1
        BANK2            0110-016F             60           1
        BANK3            0190-01EF             60           1
        CODE             0003-061A            618           2
                         0DED-1FFF            800
        COMMON           007C-007D              2           1
        CONST            0003-061A            100           2
                         0DED-1FFF            100
        EEDATA           2100-21FF            100           2
        ENTRY            0003-061A            100           2
                         0DED-1FFF            100
        IDLOC            2000-2003              4           2
        RAM              0024-006F             4C           1
                         00A0-00EF             50
                         0110-016F             60
                         0190-01EF             60
        SFR0             0000-001F             20           1
        SFR1             0080-009F             20           1
        SFR2             0100-010F             10           1
        SFR3             0180-018F             10           1
        STACK            0110-016F             60           1
        STRCODE          0003-061A            618           2
                         0DED-1FFF           1213
        STRING           0003-061A            100           2
                         0DED-1FFF            100

                                  Symbol Table

DELAY_ms@ms_count           cstackCOMMON 0072
DELAY_us@us_count           cstackCOMMON 0070
GLCD_Clear@cursor           cstackCOMMON 0079
GLCD_Clear@line             cstackCOMMON 007A
GLCD_DisplayLogo@cursor     cstackCOMMON 0077
GLCD_DisplayLogo@line       cstackCOMMON 0078
GLCD_DisplayLogo@ptr_Logo   cstackCOMMON 0074
GLCD_GoToLine@lineNumber    cstackCOMMON 0077
GLCD_GoToPage@pageNumber    cstackCOMMON 0075
_A_GlcdFontTable_U8         stringtext   0812
_DELAY_ms                   text5        066A
_DELAY_us                   text12       0635
_GLCD                       bssBANK0     0020
_GLCD_Clear                 text2        06F9
_GLCD_DisplayLogo           text6        0746
_GLCD_GoToLine              text3        0655
_GLCD_GoToPage              text4        06C5
_GLCD_Init                  text1        079D
_PORTB                      (abs)        0006
_PORTD                      (abs)        0008
_TRISB                      (abs)        0086
_TRISD                      (abs)        0088
__CFG_BOR4V$BOR40V          (abs)        0000
__CFG_BOREN$ON              (abs)        0000
__CFG_CP$OFF                (abs)        0000
__CFG_CPD$OFF               (abs)        0000
__CFG_FCMEN$ON              (abs)        0000
__CFG_FOSC$HS               (abs)        0000
__CFG_IESO$ON               (abs)        0000
__CFG_LVP$OFF               (abs)        0000
__CFG_MCLRE$ON              (abs)        0000
__CFG_PWRTE$ON              (abs)        0000
__CFG_WDTE$OFF              (abs)        0000
__CFG_WRT$OFF               (abs)        0000
__Habs1                     abs1         0000
__Hbank0                    bank0        0000
__Hbank1                    bank1        0000
__Hbank2                    bank2        0000
__Hbank3                    bank3        0000
__HbssBANK0                 bssBANK0     0000
__Hcinit                    cinit        0800
__Hclrtext                  clrtext      0000
__Hcode                     code         0000
__Hcommon                   common       0000
__Hconfig                   config       2009
__HcstackCOMMON             cstackCOMMON 0000
__Heeprom_data              eeprom_data  0000
__Hend_init                 end_init     0003
__Hfunctab                  functab      0000
__Hidloc                    idloc        0000
__Hinit                     init         0000
__Hintentry                 intentry     0000
__Hmaintext                 maintext     0000
__Hpowerup                  powerup      0000
__Hram                      ram          0000
__Hreset_vec                reset_vec    0000
__Hsfr0                     sfr0         0000
__Hsfr1                     sfr1         0000
__Hsfr2                     sfr2         0000
__Hsfr3                     sfr3         0000
__Hspace_0                  (abs)        2009
__Hspace_1                  (abs)        007C
__Hspace_2                  (abs)        0000
__Hspace_3                  (abs)        0000
__Hstack                    stack        0000
__Hstrings                  strings      0000
__Hstringtext               stringtext   0000
__Htext                     text         0000
__Labs1                     abs1         0000
__Lbank0                    bank0        0000
__Lbank1                    bank1        0000
__Lbank2                    bank2        0000
__Lbank3                    bank3        0000
__LbssBANK0                 bssBANK0     0000
__Lcinit                    cinit        07F6
__Lclrtext                  clrtext      0000
__Lcode                     code         0000
__Lcommon                   common       0000
__Lconfig                   config       2007
__LcstackCOMMON             cstackCOMMON 0000
__Leeprom_data              eeprom_data  0000
__Lend_init                 end_init     0000
__Lfunctab                  functab      0000
__Lidloc                    idloc        0000
__Linit                     init         0000
__Lintentry                 intentry     0000
__Lmaintext                 maintext     0000
__Lpowerup                  powerup      0000
__Lram                      ram          0000
__Lreset_vec                reset_vec    0000
__Lsfr0                     sfr0         0000
__Lsfr1                     sfr1         0000
__Lsfr2                     sfr2         0000
__Lsfr3                     sfr3         0000
__Lspace_0                  (abs)        0000
__Lspace_1                  (abs)        0000
__Lspace_2                  (abs)        0000
__Lspace_3                  (abs)        0000
__Lstack                    stack        0000
__Lstrings                  strings      0000
__Lstringtext               stringtext   0000
__Ltext                     text         0000
__S0                        (abs)        2009
__S1                        (abs)        007C
__S2                        (abs)        0000
__S3                        (abs)        0000
___int_sp                   stack        0000
___latbits                  (abs)        0002
___sp                       stack        0000
___stackhi                  (abs)        0000
___stacklo                  (abs)        0000
__end_of_A_GlcdFontTable_U8 stringtext   09ED
__end_of_DELAY_ms           text5        0681
__end_of_DELAY_us           text12       0643
__end_of_GLCD_Clear         text2        0746
__end_of_GLCD_DisplayLogo   text6        079D
__end_of_GLCD_GoToLine      text3        066A
__end_of_GLCD_GoToPage      text4        06F9
__end_of_GLCD_Init          text1        07F6
__end_of__initialization    cinit        07FC
__end_of__stringtab         stringtext   0812
__end_of_glcd_BusyCheck     text11       0635
__end_of_glcd_CmdWrite      text10       06C5
__end_of_glcd_DataWrite     text9        06A2
__end_of_glcd_SelectPage0   text8        0623
__end_of_glcd_SelectPage1   text7        062B
__end_of_main               maintext     0655
__end_of_meme               stringtext   0DED
__initialization            cinit        07F6
__pbssBANK0                 bssBANK0     0020
__pcstackCOMMON             cstackCOMMON 0070
__pmaintext                 maintext     0643
__pstringtext               stringtext   0800
__ptext1                    text1        079D
__ptext10                   text10       06A2
__ptext11                   text11       062B
__ptext12                   text12       0635
__ptext2                    text2        06F9
__ptext3                    text3        0655
__ptext4                    text4        06C5
__ptext5                    text5        066A
__ptext6                    text6        0746
__ptext7                    text7        0623
__ptext8                    text8        061B
__ptext9                    text9        0681
__size_of_DELAY_ms          (abs)        0000
__size_of_DELAY_us          (abs)        0000
__size_of_GLCD_Clear        (abs)        0000
__size_of_GLCD_DisplayLogo  (abs)        0000
__size_of_GLCD_GoToLine     (abs)        0000
__size_of_GLCD_GoToPage     (abs)        0000
__size_of_GLCD_Init         (abs)        0000
__size_of_glcd_BusyCheck    (abs)        0000
__size_of_glcd_CmdWrite     (abs)        0000
__size_of_glcd_DataWrite    (abs)        0000
__size_of_glcd_SelectPage0  (abs)        0000
__size_of_glcd_SelectPage1  (abs)        0000
__size_of_main              (abs)        0000
__stringbase                stringtext   0812
__stringtab                 stringtext   0800
_glcd_BusyCheck             text11       062B
_glcd_CmdWrite              text10       06A2
_glcd_DataWrite             text9        0681
_glcd_SelectPage0           text8        061B
_glcd_SelectPage1           text7        0623
_main                       maintext     0643
_meme                       stringtext   09ED
btemp                       (abs)        007E
end_of_initialization       cinit        07FC
glcd_CmdWrite@cmd           cstackCOMMON 0073
glcd_DataWrite@dat          cstackCOMMON 0073
intlevel0                   functab      0000
intlevel1                   functab      0000
intlevel2                   functab      0000
intlevel3                   functab      0000
intlevel4                   functab      0000
intlevel5                   functab      0000
reset_vec                   reset_vec    0000
start                       init         0000
start_initialization        cinit        07F6
wtemp0                      (abs)        007E


FUNCTION INFORMATION:

 *************** function _main *****************
 Defined at:
		line 102 in file "Main.c"
 Parameters:    Size  Location     Type
		None
 Auto vars:     Size  Location     Type
		None
 Return value:  Size  Location     Type
                  1    wreg      void 
 Registers used:
		wreg, fsr0l, fsr0h, status,2, status,0, btemp+1, pclath, cstack
 Tracked objects:
		On entry : 
		On exit  : 
		Unchanged: 
 Data sizes:     COMMON   BANK0   BANK1   BANK3   BANK2
      Params:         0       0       0       0       0
      Locals:         0       0       0       0       0
      Temps:          0       0       0       0       0
      Totals:         0       0       0       0       0
Total ram usage:        0 bytes
 Hardware stack levels required when called:    7
 This function calls:
		_GLCD_DisplayLogo
		_GLCD_Init
 This function is called by:
		Startup code after reset
 This function uses a non-reentrant model


 *************** function _GLCD_Init *****************
 Defined at:
		line 164 in file "glcd.c"
 Parameters:    Size  Location     Type
		None
 Auto vars:     Size  Location     Type
		None
 Return value:  Size  Location     Type
                  1    wreg      void 
 Registers used:
		wreg, status,2, status,0, pclath, cstack
 Tracked objects:
		On entry : 
		On exit  : 
		Unchanged: 
 Data sizes:     COMMON   BANK0   BANK1   BANK3   BANK2
      Params:         0       0       0       0       0
      Locals:         0       0       0       0       0
      Temps:          1       0       0       0       0
      Totals:         1       0       0       0       0
Total ram usage:        1 bytes
 Hardware stack levels used:    1
 Hardware stack levels required when called:    6
 This function calls:
		_DELAY_ms
		_GLCD_Clear
		_GLCD_GoToPage
		_glcd_CmdWrite
		_glcd_SelectPage0
		_glcd_SelectPage1
 This function is called by:
		_main
 This function uses a non-reentrant model


 *************** function _GLCD_Clear *****************
 Defined at:
		line 667 in file "glcd.c"
 Parameters:    Size  Location     Type
		None
 Auto vars:     Size  Location     Type
  line            1   10[COMMON] unsigned char 
  cursor          1    9[COMMON] unsigned char 
 Return value:  Size  Location     Type
                  1    wreg      void 
 Registers used:
		wreg, status,2, status,0, pclath, cstack
 Tracked objects:
		On entry : 
		On exit  : 
		Unchanged: 
 Data sizes:     COMMON   BANK0   BANK1   BANK3   BANK2
      Params:         0       0       0       0       0
      Locals:         2       0       0       0       0
      Temps:          1       0       0       0       0
      Totals:         3       0       0       0       0
Total ram usage:        3 bytes
 Hardware stack levels used:    1
 Hardware stack levels required when called:    5
 This function calls:
		_GLCD_GoToLine
		_glcd_CmdWrite
		_glcd_DataWrite
		_glcd_SelectPage0
		_glcd_SelectPage1
 This function is called by:
		_GLCD_Init
 This function uses a non-reentrant model


 *************** function _GLCD_GoToLine *****************
 Defined at:
		line 740 in file "glcd.c"
 Parameters:    Size  Location     Type
  lineNumber      1    wreg     unsigned char 
 Auto vars:     Size  Location     Type
  lineNumber      1    7[COMMON] unsigned char 
 Return value:  Size  Location     Type
                  1    wreg      void 
 Registers used:
		wreg, status,2, status,0, pclath, cstack
 Tracked objects:
		On entry : 
		On exit  : 
		Unchanged: 
 Data sizes:     COMMON   BANK0   BANK1   BANK3   BANK2
      Params:         0       0       0       0       0
      Locals:         1       0       0       0       0
      Temps:          1       0       0       0       0
      Totals:         2       0       0       0       0
Total ram usage:        2 bytes
 Hardware stack levels used:    1
 Hardware stack levels required when called:    4
 This function calls:
		_GLCD_GoToPage
 This function is called by:
		_GLCD_Clear
 This function uses a non-reentrant model


 *************** function _GLCD_GoToPage *****************
 Defined at:
		line 704 in file "glcd.c"
 Parameters:    Size  Location     Type
  pageNumber      1    wreg     unsigned char 
 Auto vars:     Size  Location     Type
  pageNumber      1    5[COMMON] unsigned char 
 Return value:  Size  Location     Type
                  1    wreg      void 
 Registers used:
		wreg, status,2, status,0, pclath, cstack
 Tracked objects:
		On entry : 
		On exit  : 
		Unchanged: 
 Data sizes:     COMMON   BANK0   BANK1   BANK3   BANK2
      Params:         0       0       0       0       0
      Locals:         1       0       0       0       0
      Temps:          1       0       0       0       0
      Totals:         2       0       0       0       0
Total ram usage:        2 bytes
 Hardware stack levels used:    1
 Hardware stack levels required when called:    3
 This function calls:
		_glcd_CmdWrite
		_glcd_SelectPage0
		_glcd_SelectPage1
 This function is called by:
		_GLCD_Init
		_GLCD_GoToLine
		_GLCD_DisplayChar
		_GLCD_GoToNextLine
		_GLCD_HorizontalGraph
 This function uses a non-reentrant model


 *************** function _DELAY_ms *****************
 Defined at:
		line 70 in file "delay.c"
 Parameters:    Size  Location     Type
  ms_count        2    2[COMMON] unsigned int 
 Auto vars:     Size  Location     Type
		None
 Return value:  Size  Location     Type
                  1    wreg      void 
 Registers used:
		wreg, status,2, status,0, pclath, cstack
 Tracked objects:
		On entry : 
		On exit  : 
		Unchanged: 
 Data sizes:     COMMON   BANK0   BANK1   BANK3   BANK2
      Params:         2       0       0       0       0
      Locals:         0       0       0       0       0
      Temps:          0       0       0       0       0
      Totals:         2       0       0       0       0
Total ram usage:        2 bytes
 Hardware stack levels used:    1
 Hardware stack levels required when called:    1
 This function calls:
		_DELAY_us
 This function is called by:
		_GLCD_Init
		_DELAY_sec
 This function uses a non-reentrant model


 *************** function _GLCD_DisplayLogo *****************
 Defined at:
		line 835 in file "glcd.c"
 Parameters:    Size  Location     Type
  ptr_Logo        2    4[COMMON] PTR const unsigned char 
		 -> meme(1024), 
 Auto vars:     Size  Location     Type
  line            1    8[COMMON] unsigned char 
  cursor          1    7[COMMON] unsigned char 
 Return value:  Size  Location     Type
                  1    wreg      void 
 Registers used:
		wreg, fsr0l, fsr0h, status,2, status,0, btemp+1, pclath, cstack
 Tracked objects:
		On entry : 
		On exit  : 
		Unchanged: 
 Data sizes:     COMMON   BANK0   BANK1   BANK3   BANK2
      Params:         2       0       0       0       0
      Locals:         2       0       0       0       0
      Temps:          1       0       0       0       0
      Totals:         5       0       0       0       0
Total ram usage:        5 bytes
 Hardware stack levels used:    1
 Hardware stack levels required when called:    3
 This function calls:
		_glcd_CmdWrite
		_glcd_DataWrite
		_glcd_SelectPage0
		_glcd_SelectPage1
 This function is called by:
		_main
 This function uses a non-reentrant model


 *************** function _glcd_SelectPage1 *****************
 Defined at:
		line 1047 in file "glcd.c"
 Parameters:    Size  Location     Type
		None
 Auto vars:     Size  Location     Type
		None
 Return value:  Size  Location     Type
                  1    wreg      void 
 Registers used:
		wreg, status,2, status,0
 Tracked objects:
		On entry : 
		On exit  : 
		Unchanged: 
 Data sizes:     COMMON   BANK0   BANK1   BANK3   BANK2
      Params:         0       0       0       0       0
      Locals:         0       0       0       0       0
      Temps:          1       0       0       0       0
      Totals:         1       0       0       0       0
Total ram usage:        1 bytes
 Hardware stack levels used:    1
 This function calls:
		Nothing
 This function is called by:
		_GLCD_Init
		_GLCD_Clear
		_GLCD_GoToPage
		_GLCD_DisplayLogo
		_GLCD_SetCursor
 This function uses a non-reentrant model


 *************** function _glcd_SelectPage0 *****************
 Defined at:
		line 1039 in file "glcd.c"
 Parameters:    Size  Location     Type
		None
 Auto vars:     Size  Location     Type
		None
 Return value:  Size  Location     Type
                  1    wreg      void 
 Registers used:
		wreg, status,2, status,0
 Tracked objects:
		On entry : 
		On exit  : 
		Unchanged: 
 Data sizes:     COMMON   BANK0   BANK1   BANK3   BANK2
      Params:         0       0       0       0       0
      Locals:         0       0       0       0       0
      Temps:          1       0       0       0       0
      Totals:         1       0       0       0       0
Total ram usage:        1 bytes
 Hardware stack levels used:    1
 This function calls:
		Nothing
 This function is called by:
		_GLCD_Init
		_GLCD_Clear
		_GLCD_GoToPage
		_GLCD_DisplayLogo
		_GLCD_SetCursor
 This function uses a non-reentrant model


 *************** function _glcd_DataWrite *****************
 Defined at:
		line 1025 in file "glcd.c"
 Parameters:    Size  Location     Type
  dat             1    wreg     unsigned char 
 Auto vars:     Size  Location     Type
  dat             1    3[COMMON] unsigned char 
 Return value:  Size  Location     Type
                  1    wreg      void 
 Registers used:
		wreg, status,2, status,0, pclath, cstack
 Tracked objects:
		On entry : 
		On exit  : 
		Unchanged: 
 Data sizes:     COMMON   BANK0   BANK1   BANK3   BANK2
      Params:         0       0       0       0       0
      Locals:         1       0       0       0       0
      Temps:          1       0       0       0       0
      Totals:         2       0       0       0       0
Total ram usage:        2 bytes
 Hardware stack levels used:    1
 Hardware stack levels required when called:    2
 This function calls:
		_DELAY_us
		_glcd_BusyCheck
 This function is called by:
		_GLCD_Clear
		_GLCD_DisplayLogo
		_GLCD_DisplayChar
		_GLCD_VerticalGraph
		_GLCD_HorizontalGraph
 This function uses a non-reentrant model


 *************** function _glcd_CmdWrite *****************
 Defined at:
		line 1011 in file "glcd.c"
 Parameters:    Size  Location     Type
  cmd             1    wreg     unsigned char 
 Auto vars:     Size  Location     Type
  cmd             1    3[COMMON] unsigned char 
 Return value:  Size  Location     Type
                  1    wreg      void 
 Registers used:
		wreg, status,2, status,0, pclath, cstack
 Tracked objects:
		On entry : 
		On exit  : 
		Unchanged: 
 Data sizes:     COMMON   BANK0   BANK1   BANK3   BANK2
      Params:         0       0       0       0       0
      Locals:         1       0       0       0       0
      Temps:          1       0       0       0       0
      Totals:         2       0       0       0       0
Total ram usage:        2 bytes
 Hardware stack levels used:    1
 Hardware stack levels required when called:    2
 This function calls:
		_DELAY_us
		_glcd_BusyCheck
 This function is called by:
		_GLCD_Init
		_GLCD_Clear
		_GLCD_GoToPage
		_GLCD_DisplayLogo
		_GLCD_SetCursor
 This function uses a non-reentrant model


 *************** function _glcd_BusyCheck *****************
 Defined at:
		line 1057 in file "glcd.c"
 Parameters:    Size  Location     Type
		None
 Auto vars:     Size  Location     Type
		None
 Return value:  Size  Location     Type
                  1    wreg      void 
 Registers used:
		wreg, status,2, status,0, pclath, cstack
 Tracked objects:
		On entry : 
		On exit  : 
		Unchanged: 
 Data sizes:     COMMON   BANK0   BANK1   BANK3   BANK2
      Params:         0       0       0       0       0
      Locals:         0       0       0       0       0
      Temps:          0       0       0       0       0
      Totals:         0       0       0       0       0
Total ram usage:        0 bytes
 Hardware stack levels used:    1
 Hardware stack levels required when called:    1
 This function calls:
		_DELAY_us
 This function is called by:
		_glcd_CmdWrite
		_glcd_DataWrite
 This function uses a non-reentrant model


 *************** function _DELAY_us *****************
 Defined at:
		line 52 in file "delay.c"
 Parameters:    Size  Location     Type
  us_count        2    0[COMMON] unsigned int 
 Auto vars:     Size  Location     Type
		None
 Return value:  Size  Location     Type
                  1    wreg      void 
 Registers used:
		wreg, status,2, status,0
 Tracked objects:
		On entry : 
		On exit  : 
		Unchanged: 
 Data sizes:     COMMON   BANK0   BANK1   BANK3   BANK2
      Params:         2       0       0       0       0
      Locals:         0       0       0       0       0
      Temps:          0       0       0       0       0
      Totals:         2       0       0       0       0
Total ram usage:        2 bytes
 Hardware stack levels used:    1
 This function calls:
		Nothing
 This function is called by:
		_glcd_CmdWrite
		_glcd_DataWrite
		_glcd_BusyCheck
		_DELAY_ms
 This function uses a non-reentrant model



MODULE INFORMATION

Module		Function		Class		Link	Load	Size
delay.c
		_DELAY_ms      		CODE           	066A	0000	24
		_DELAY_us      		CODE           	0635	0000	15

delay.c estimated size: 39

Main.c
		_main          		CODE           	0643	0000	19

Main.c estimated size: 19

shared
		__stringtab    		STRCODE        	0800	0000	19
		__initialization		CODE           	07F6	0000	7
		_meme          		STRCODE        	09ED	0000	1025
		_A_GlcdFontTable_U8		STRCODE        	0812	0000	476

shared estimated size: 1527

glcd.c
		_glcd_DataWrite		CODE           	0681	0000	34
		_glcd_BusyCheck		CODE           	062B	0000	11
		_GLCD_DisplayLogo		CODE           	0746	0000	88
		_GLCD_Init     		CODE           	079D	0000	90
		_GLCD_GoToPage 		CODE           	06C5	0000	53
		_GLCD_GoToLine 		CODE           	0655	0000	22
		_glcd_SelectPage0		CODE           	061B	0000	9
		_glcd_SelectPage1		CODE           	0623	0000	9
		_glcd_CmdWrite 		CODE           	06A2	0000	36
		_GLCD_Clear    		CODE           	06F9	0000	78

glcd.c estimated size: 430

