Microchip MPLAB XC8 Compiler V1.45 ()

Linker command line:

-W-3 --edf=C:\Program Files (x86)\Microchip\xc8\v1.45\dat\en_msgs.txt -cs \
  -h+dist/default/production\Carrito_Voz.X.production.sym \
  --cmf=dist/default/production\Carrito_Voz.X.production.cmf -z -Q16F887 \
  -oC:\Users\JESUSL~1\AppData\Local\Temp\se44.2 \
  -Mdist/default/production/Carrito_Voz.X.production.map -E1 -ver=XC8 \
  -ASTACK=0110h-016fh -pstack=STACK -ACODE=00h-07FFhx4 -ASTRCODE=00h-01FFFh \
  -ASTRING=00h-0FFhx32 -ACONST=00h-0FFhx32 -AENTRY=00h-0FFhx32 \
  -ACOMMON=070h-07Fh -ABANK0=020h-06Fh -ABANK1=0A0h-0EFh \
  -ABANK2=0110h-016Fh -ABANK3=0190h-01EFh \
  -ARAM=020h-06Fh,0A0h-0EFh,0110h-016Fh,0190h-01EFh \
  -AABS1=020h-07Fh,0A0h-0EFh,0110h-016Fh,0190h-01EFh -ASFR0=00h-01Fh \
  -ASFR1=080h-09Fh -ASFR2=0100h-010Fh -ASFR3=0180h-018Fh \
  -preset_vec=00h,intentry,init,end_init -ppowerup=CODE -pcinit=CODE \
  -pfunctab=ENTRY -ACONFIG=02007h-02008h -pconfig=CONFIG -DCONFIG=2 \
  -AIDLOC=02000h-02003h -pidloc=IDLOC -DIDLOC=2 -AEEDATA=00h-0FFh/02100h \
  -peeprom_data=EEDATA -DEEDATA=2 -DCODE=2 -DSTRCODE=2 -DSTRING=2 -DCONST=2 \
  -DENTRY=2 -k C:\Users\JESUSL~1\AppData\Local\Temp\se44.obj \
  dist/default/production\Carrito_Voz.X.production.obj 

Object code version is 3.11

Machine type is 16F887



                Name                               Link     Load   Length Selector   Space Scale
C:\Users\JESUSL~1\AppData\Local\Temp\se44.obj
                end_init                              0        0        3        0       0
                config                             2007     2007        2     400E       0
dist/default/production\Carrito_Voz.X.production.obj
                cinit                               7F8      7F8        8      FF0       0
                text5                               6F5      6F5        6      DEA       0
                text4                               71B      71B       10      E36       0
                text3                               70C      70C        F      E18       0
                text2                               6FB      6FB        7      DF6       0
                text1                               702      702        A      E04       0
                maintext                            72B      72B       CD      E56       0
                cstackCOMMON                         70       70        4       70       1
                dataCOMMON                           74       74        1       70       1
                idataCOMMON                         6F4      6F4        1      DE8       0

TOTAL           Name                               Link     Load   Length     Space
        CLASS   STACK          

        CLASS   CODE           
                end_init                              0        0        3         0
                cinit                               7F8      7F8        8         0
                text5                               6F5      6F5        6         0
                text4                               71B      71B       10         0
                text3                               70C      70C        F         0
                text2                               6FB      6FB        7         0
                text1                               702      702        A         0
                maintext                            72B      72B       CD         0
                idataCOMMON                         6F4      6F4        1         0

        CLASS   STRCODE        

        CLASS   STRING         

        CLASS   CONST          

        CLASS   ENTRY          

        CLASS   COMMON         
                cstackCOMMON                         70       70        4         1
                dataCOMMON                           74       74        1         1

        CLASS   BANK0          

        CLASS   BANK1          

        CLASS   BANK2          

        CLASS   BANK3          

        CLASS   RAM            

        CLASS   ABS1           
                abs_s1                               7E       7E        2         1

        CLASS   SFR0           

        CLASS   SFR1           

        CLASS   SFR2           

        CLASS   SFR3           

        CLASS   CONFIG         
                config                             2007     2007        2         0

        CLASS   IDLOC          

        CLASS   EEDATA         



SEGMENTS        Name                           Load    Length   Top    Selector   Space  Class     Delta

                reset_vec                      000000  000003  000003         0       0  CODE        2
                cstackCOMMON                   000070  000005  000075        70       1  COMMON      1
                idataCOMMON                    0006F4  000001  0006F5       DE8       0  CODE        2
                text5                          0006F5  000006  0006FB       DEA       0  CODE        2
                text2                          0006FB  000007  000702       DF6       0  CODE        2
                text1                          000702  00000A  00070C       E04       0  CODE        2
                text3                          00070C  00000F  00071B       E18       0  CODE        2
                text4                          00071B  000010  00072B       E36       0  CODE        2
                maintext                       00072B  0000CD  0007F8       E56       0  CODE        2
                cinit                          0007F8  000008  000800       FF0       0  CODE        2
                config                         002007  000002  002009      400E       0  CONFIG      2


UNUSED ADDRESS RANGES

        Name                Unused          Largest block    Delta
        BANK0            0020-006F             50           1
        BANK1            00A0-00EF             50           1
        BANK2            0110-016F             60           1
        BANK3            0190-01EF             60           1
        CODE             0003-06F3            6F1           2
                         0800-1FFF            800
        COMMON           0075-007D              9           1
        CONST            0003-06F3            100           2
                         0800-1FFF            100
        EEDATA           2100-21FF            100           2
        ENTRY            0003-06F3            100           2
                         0800-1FFF            100
        IDLOC            2000-2003              4           2
        RAM              0020-006F             50           1
                         00A0-00EF             50
                         0110-016F             60
                         0190-01EF             60
        SFR0             0000-001F             20           1
        SFR1             0080-009F             20           1
        SFR2             0100-010F             10           1
        SFR3             0180-018F             10           1
        STACK            0110-016F             60           1
        STRCODE          0003-06F3            6F1           2
                         0800-1FFF           1800
        STRING           0003-06F3            100           2
                         0800-1FFF            100

                                  Symbol Table

_ANSEL                    (abs)        0188
_ANSELH                   (abs)        0189
_CH                       dataCOMMON   0074
_CREN                     (abs)        00C4
_OSCCON                   (abs)        008F
_PORTD                    (abs)        0008
_RCIF                     (abs)        0065
_RCREG                    (abs)        001A
_RD4                      (abs)        0044
_RD5                      (abs)        0045
_SPBRG                    (abs)        0099
_SPEN                     (abs)        00C7
_SYNC                     (abs)        04C4
_TRISD                    (abs)        0088
_TRMT                     (abs)        04C1
_TXEN                     (abs)        04C5
_TXREG                    (abs)        0019
_UART_Data_Ready          text5        06F5
__CFG_BOR4V$BOR40V        (abs)        0000
__CFG_BOREN$ON            (abs)        0000
__CFG_CP$OFF              (abs)        0000
__CFG_CPD$OFF             (abs)        0000
__CFG_FCMEN$ON            (abs)        0000
__CFG_FOSC$HS             (abs)        0000
__CFG_IESO$ON             (abs)        0000
__CFG_LVP$OFF             (abs)        0000
__CFG_MCLRE$ON            (abs)        0000
__CFG_PWRTE$ON            (abs)        0000
__CFG_WDTE$OFF            (abs)        0000
__CFG_WRT$OFF             (abs)        0000
__Habs1                   abs1         0000
__Hbank0                  bank0        0000
__Hbank1                  bank1        0000
__Hbank2                  bank2        0000
__Hbank3                  bank3        0000
__Hcinit                  cinit        0800
__Hclrtext                clrtext      0000
__Hcode                   code         0000
__Hcommon                 common       0000
__Hconfig                 config       2009
__HcstackCOMMON           cstackCOMMON 0000
__HdataCOMMON             dataCOMMON   0000
__Heeprom_data            eeprom_data  0000
__Hend_init               end_init     0003
__Hfunctab                functab      0000
__HidataCOMMON            idataCOMMON  0000
__Hidloc                  idloc        0000
__Hinit                   init         0000
__Hintentry               intentry     0000
__Hmaintext               maintext     0000
__Hpowerup                powerup      0000
__Hram                    ram          0000
__Hreset_vec              reset_vec    0000
__Hsfr0                   sfr0         0000
__Hsfr1                   sfr1         0000
__Hsfr2                   sfr2         0000
__Hsfr3                   sfr3         0000
__Hspace_0                (abs)        2009
__Hspace_1                (abs)        0075
__Hspace_2                (abs)        0000
__Hspace_3                (abs)        0000
__Hstack                  stack        0000
__Hstrings                strings      0000
__Htext                   text         0000
__Labs1                   abs1         0000
__Lbank0                  bank0        0000
__Lbank1                  bank1        0000
__Lbank2                  bank2        0000
__Lbank3                  bank3        0000
__Lcinit                  cinit        07F8
__Lclrtext                clrtext      0000
__Lcode                   code         0000
__Lcommon                 common       0000
__Lconfig                 config       2007
__LcstackCOMMON           cstackCOMMON 0000
__LdataCOMMON             dataCOMMON   0000
__Leeprom_data            eeprom_data  0000
__Lend_init               end_init     0000
__Lfunctab                functab      0000
__LidataCOMMON            idataCOMMON  0000
__Lidloc                  idloc        0000
__Linit                   init         0000
__Lintentry               intentry     0000
__Lmaintext               maintext     0000
__Lpowerup                powerup      0000
__Lram                    ram          0000
__Lreset_vec              reset_vec    0000
__Lsfr0                   sfr0         0000
__Lsfr1                   sfr1         0000
__Lsfr2                   sfr2         0000
__Lsfr3                   sfr3         0000
__Lspace_0                (abs)        0000
__Lspace_1                (abs)        0000
__Lspace_2                (abs)        0000
__Lspace_3                (abs)        0000
__Lstack                  stack        0000
__Lstrings                strings      0000
__Ltext                   text         0000
__S0                      (abs)        2009
__S1                      (abs)        0075
__S2                      (abs)        0000
__S3                      (abs)        0000
___int_sp                 stack        0000
___latbits                (abs)        0002
___sp                     stack        0000
__end_of_UART_Data_Ready  text5        06FB
__end_of__initialization  cinit        07FC
__end_of_main             maintext     07F8
__end_of_setup            text4        072B
__end_of_usart_ini        text3        071B
__end_of_usart_read       text2        0702
__end_of_usart_write_c    text1        070C
__initialization          cinit        07F8
__pcstackCOMMON           cstackCOMMON 0070
__pdataCOMMON             dataCOMMON   0074
__pidataCOMMON            idataCOMMON  06F4
__pmaintext               maintext     072B
__ptext1                  text1        0702
__ptext2                  text2        06FB
__ptext3                  text3        070C
__ptext4                  text4        071B
__ptext5                  text5        06F5
__size_of_UART_Data_Ready (abs)        0000
__size_of_main            (abs)        0000
__size_of_setup           (abs)        0000
__size_of_usart_ini       (abs)        0000
__size_of_usart_read      (abs)        0000
__size_of_usart_write_c   (abs)        0000
_main                     maintext     072B
_setup                    text4        071B
_usart_ini                text3        070C
_usart_read               text2        06FB
_usart_write_c            text1        0702
btemp                     (abs)        007E
end_of_initialization     cinit        07FC
intlevel0                 functab      0000
intlevel1                 functab      0000
intlevel2                 functab      0000
intlevel3                 functab      0000
intlevel4                 functab      0000
intlevel5                 functab      0000
reset_vec                 reset_vec    0000
stackhi                   (abs)        0000
stacklo                   (abs)        0000
start                     init         0000
start_initialization      cinit        07F8
usart_write_c@ch          cstackCOMMON 0070
wtemp0                    (abs)        007E


FUNCTION INFORMATION:

 *************** function _main *****************
 Defined at:
		line 37 in file "main_Carrito.c"
 Parameters:    Size  Location     Type
		None
 Auto vars:     Size  Location     Type
		None
 Return value:  Size  Location     Type
                  1    wreg      void 
 Registers used:
		wreg, fsr0l, fsr0h, status,2, status,0, pclath, cstack
 Tracked objects:
		On entry : 
		On exit  : 
		Unchanged: 
 Data sizes:     COMMON   BANK0   BANK1   BANK3   BANK2
      Params:         0       0       0       0       0
      Locals:         0       0       0       0       0
      Temps:          3       0       0       0       0
      Totals:         3       0       0       0       0
Total ram usage:        3 bytes
 Hardware stack levels required when called:    1
 This function calls:
		_UART_Data_Ready
		_setup
		_usart_ini
		_usart_read
		_usart_write_c
 This function is called by:
		Startup code after reset
 This function uses a non-reentrant model


 *************** function _usart_write_c *****************
 Defined at:
		line 40 in file "Serial.h"
 Parameters:    Size  Location     Type
  ch              1    wreg     unsigned char 
 Auto vars:     Size  Location     Type
  ch              1    0[COMMON] unsigned char 
 Return value:  Size  Location     Type
                  1    wreg      void 
 Registers used:
		wreg
 Tracked objects:
		On entry : 
		On exit  : 
		Unchanged: 
 Data sizes:     COMMON   BANK0   BANK1   BANK3   BANK2
      Params:         0       0       0       0       0
      Locals:         1       0       0       0       0
      Temps:          0       0       0       0       0
      Totals:         1       0       0       0       0
Total ram usage:        1 bytes
 Hardware stack levels used:    1
 This function calls:
		Nothing
 This function is called by:
		_main
		_usart_write_s
 This function uses a non-reentrant model


 *************** function _usart_read *****************
 Defined at:
		line 53 in file "Serial.h"
 Parameters:    Size  Location     Type
		None
 Auto vars:     Size  Location     Type
		None
 Return value:  Size  Location     Type
                  1    wreg      unsigned char 
 Registers used:
		wreg, status,2, status,0
 Tracked objects:
		On entry : 
		On exit  : 
		Unchanged: 
 Data sizes:     COMMON   BANK0   BANK1   BANK3   BANK2
      Params:         0       0       0       0       0
      Locals:         0       0       0       0       0
      Temps:          0       0       0       0       0
      Totals:         0       0       0       0       0
Total ram usage:        0 bytes
 Hardware stack levels used:    1
 This function calls:
		Nothing
 This function is called by:
		_main
 This function uses a non-reentrant model


 *************** function _usart_ini *****************
 Defined at:
		line 27 in file "Serial.h"
 Parameters:    Size  Location     Type
		None
 Auto vars:     Size  Location     Type
		None
 Return value:  Size  Location     Type
                  1    wreg      void 
 Registers used:
		wreg
 Tracked objects:
		On entry : 
		On exit  : 
		Unchanged: 
 Data sizes:     COMMON   BANK0   BANK1   BANK3   BANK2
      Params:         0       0       0       0       0
      Locals:         0       0       0       0       0
      Temps:          0       0       0       0       0
      Totals:         0       0       0       0       0
Total ram usage:        0 bytes
 Hardware stack levels used:    1
 This function calls:
		Nothing
 This function is called by:
		_main
 This function uses a non-reentrant model


 *************** function _setup *****************
 Defined at:
		line 84 in file "main_Carrito.c"
 Parameters:    Size  Location     Type
		None
 Auto vars:     Size  Location     Type
		None
 Return value:  Size  Location     Type
                  1    wreg      void 
 Registers used:
		wreg, status,2
 Tracked objects:
		On entry : 
		On exit  : 
		Unchanged: 
 Data sizes:     COMMON   BANK0   BANK1   BANK3   BANK2
      Params:         0       0       0       0       0
      Locals:         0       0       0       0       0
      Temps:          0       0       0       0       0
      Totals:         0       0       0       0       0
Total ram usage:        0 bytes
 Hardware stack levels used:    1
 This function calls:
		Nothing
 This function is called by:
		_main
 This function uses a non-reentrant model


 *************** function _UART_Data_Ready *****************
 Defined at:
		line 59 in file "Serial.h"
 Parameters:    Size  Location     Type
		None
 Auto vars:     Size  Location     Type
		None
 Return value:  Size  Location     Type
                  1    wreg      unsigned char 
 Registers used:
		wreg
 Tracked objects:
		On entry : 
		On exit  : 
		Unchanged: 
 Data sizes:     COMMON   BANK0   BANK1   BANK3   BANK2
      Params:         0       0       0       0       0
      Locals:         0       0       0       0       0
      Temps:          0       0       0       0       0
      Totals:         0       0       0       0       0
Total ram usage:        0 bytes
 Hardware stack levels used:    1
 This function calls:
		Nothing
 This function is called by:
		_main
 This function uses a non-reentrant model



MODULE INFORMATION

Module		Function		Class		Link	Load	Size
Serial.h
		_UART_Data_Ready		CODE           	06F5	0000	7
		_usart_write_c 		CODE           	0702	0000	11
		_usart_ini     		CODE           	070C	0000	16
		_usart_read    		CODE           	06FB	0000	8

Serial.h estimated size: 42

shared
		__initialization		CODE           	07F8	0000	5

shared estimated size: 5

main_Carrito.c
		_main          		CODE           	072B	0000	206
		_setup         		CODE           	071B	0000	17

main_Carrito.c estimated size: 223

