Microchip MPLAB XC8 Compiler V1.45 ()

Linker command line:

-W-3 --edf=C:\Program Files (x86)\Microchip\xc8\v1.45\dat\en_msgs.txt -cs \
  -h+dist/default/production\ULTRASONICO_LCD.X.production.sym \
  --cmf=dist/default/production\ULTRASONICO_LCD.X.production.cmf -z \
  -Q16F887 -oC:\Users\JESUSL~1\AppData\Local\Temp\s4uc.2 \
  -Mdist/default/production/ULTRASONICO_LCD.X.production.map -E1 -ver=XC8 \
  -ASTACK=0110h-016fh -pstack=STACK -ACODE=00h-07FFhx4 -ASTRCODE=00h-01FFFh \
  -ASTRING=00h-0FFhx32 -ACONST=00h-0FFhx32 -AENTRY=00h-0FFhx32 \
  -ACOMMON=070h-07Fh -ABANK0=020h-06Fh -ABANK1=0A0h-0EFh \
  -ABANK2=0110h-016Fh -ABANK3=0190h-01EFh \
  -ARAM=020h-06Fh,0A0h-0EFh,0110h-016Fh,0190h-01EFh \
  -AABS1=020h-07Fh,0A0h-0EFh,0110h-016Fh,0190h-01EFh -ASFR0=00h-01Fh \
  -ASFR1=080h-09Fh -ASFR2=0100h-010Fh -ASFR3=0180h-018Fh \
  -preset_vec=00h,intentry,init,end_init -ppowerup=CODE -pcinit=CODE \
  -pfunctab=ENTRY -ACONFIG=02007h-02008h -pconfig=CONFIG -DCONFIG=2 \
  -AIDLOC=02000h-02003h -pidloc=IDLOC -DIDLOC=2 -AEEDATA=00h-0FFh/02100h \
  -peeprom_data=EEDATA -DEEDATA=2 -DCODE=2 -DSTRCODE=2 -DSTRING=2 -DCONST=2 \
  -DENTRY=2 -k C:\Users\JESUSL~1\AppData\Local\Temp\s4uc.obj \
  dist/default/production\ULTRASONICO_LCD.X.production.obj 

Object code version is 3.11

Machine type is 16F887



                Name                               Link     Load   Length Selector   Space Scale
C:\Users\JESUSL~1\AppData\Local\Temp\s4uc.obj
                end_init                              0        0        3        0       0
                config                             2007     2007        2     400E       0
dist/default/production\ULTRASONICO_LCD.X.production.obj
                cinit                               7F3      7F3        D      FE6       0
                text12                              673      673       59      CE6       0
                text11                              5FC      5FC       3B      BF8       0
                text10                              637      637       3C      C6E       0
                text9                               5CA      5CA       32      B94       0
                text8                               787      787       6C      F0E       0
                text7                               551      551       26      AA2       0
                text6                               577      577       29      AEE       0
                text5                               6CC      6CC       59      D98       0
                text4                               50E      50E       20      A1C       0
                text3                               5A0      5A0       2A      B40       0
                text2                               52E      52E       23      A5C       0
                text1                               4FE      4FE       10      9FC       0
                maintext                            725      725       62      E4A       0
                cstackBANK0                          20       20        D       20       1
                cstackCOMMON                         70       70        E       70       1
                bssBANK0                             2D       2D        7       20       1
                strings                               3        3       1E        6       0

TOTAL           Name                               Link     Load   Length     Space
        CLASS   STACK          

        CLASS   CODE           
                end_init                              0        0        3         0
                cinit                               7F3      7F3        D         0
                text12                              673      673       59         0
                text11                              5FC      5FC       3B         0
                text10                              637      637       3C         0
                text9                               5CA      5CA       32         0
                text8                               787      787       6C         0
                text7                               551      551       26         0
                text6                               577      577       29         0
                text5                               6CC      6CC       59         0
                text4                               50E      50E       20         0
                text3                               5A0      5A0       2A         0
                text2                               52E      52E       23         0
                text1                               4FE      4FE       10         0
                maintext                            725      725       62         0

        CLASS   STRCODE        

        CLASS   STRING         
                strings                               3        3       1E         0

        CLASS   CONST          

        CLASS   ENTRY          

        CLASS   COMMON         
                cstackCOMMON                         70       70        E         1

        CLASS   BANK0          
                cstackBANK0                          20       20        D         1
                bssBANK0                             2D       2D        7         1

        CLASS   BANK1          

        CLASS   BANK2          

        CLASS   BANK3          

        CLASS   RAM            

        CLASS   ABS1           
                abs_s1                               7E       7E        2         1

        CLASS   SFR0           

        CLASS   SFR1           

        CLASS   SFR2           

        CLASS   SFR3           

        CLASS   CONFIG         
                config                             2007     2007        2         0

        CLASS   IDLOC          

        CLASS   EEDATA         



SEGMENTS        Name                           Load    Length   Top    Selector   Space  Class     Delta

                reset_vec                      000000  000003  000003         0       0  CODE        2
                strings                        000003  00001E  000021         6       0  STRING      2
                cstackBANK0                    000020  000014  000034        20       1  BANK0       1
                cstackCOMMON                   000070  00000E  00007E        70       1  COMMON      1
                text1                          0004FE  000010  00050E       9FC       0  CODE        2
                text4                          00050E  000020  00052E       A1C       0  CODE        2
                text2                          00052E  000023  000551       A5C       0  CODE        2
                text7                          000551  000026  000577       AA2       0  CODE        2
                text6                          000577  000029  0005A0       AEE       0  CODE        2
                text3                          0005A0  00002A  0005CA       B40       0  CODE        2
                text9                          0005CA  000032  0005FC       B94       0  CODE        2
                text11                         0005FC  00003B  000637       BF8       0  CODE        2
                text10                         000637  00003C  000673       C6E       0  CODE        2
                text12                         000673  000059  0006CC       CE6       0  CODE        2
                text5                          0006CC  000059  000725       D98       0  CODE        2
                maintext                       000725  000062  000787       E4A       0  CODE        2
                text8                          000787  00006C  0007F3       F0E       0  CODE        2
                cinit                          0007F3  00000D  000800       FE6       0  CODE        2
                config                         002007  000002  002009      400E       0  CONFIG      2


UNUSED ADDRESS RANGES

        Name                Unused          Largest block    Delta
        BANK0            0034-006F             3C           1
        BANK1            00A0-00EF             50           1
        BANK2            0110-016F             60           1
        BANK3            0190-01EF             60           1
        CODE             0021-04FD            4DD           2
                         0800-1FFF            800
        CONST            0021-04FD            100           2
                         0800-1FFF            100
        EEDATA           2100-21FF            100           2
        ENTRY            0021-04FD            100           2
                         0800-1FFF            100
        IDLOC            2000-2003              4           2
        RAM              0034-006F             3C           1
                         00A0-00EF             50
                         0110-016F             60
                         0190-01EF             60
        SFR0             0000-001F             20           1
        SFR1             0080-009F             20           1
        SFR2             0100-010F             10           1
        SFR3             0180-018F             10           1
        STACK            0110-016F             60           1
        STRCODE          0021-04FD            4DD           2
                         0800-1FFF           1800
        STRING           0021-04FD            100           2
                         0800-1FFF            100

                                  Symbol Table

?___awdiv                 cstackCOMMON 0070
?___lwdiv                 cstackCOMMON 0070
?___lwmod                 cstackCOMMON 0070
_OSCCON                   (abs)        008F
_PORTD                    (abs)        0008
_RD0                      (abs)        0040
_RD1                      (abs)        0041
_RD2                      (abs)        0042
_RD3                      (abs)        0043
_T1CON                    (abs)        0010
_TMR1                     (abs)        000E
_TMR1H                    (abs)        000F
_TMR1L                    (abs)        000E
_TMR1ON                   (abs)        0080
_TRISD                    (abs)        0088
__CFG_BOR4V$BOR40V        (abs)        0000
__CFG_BOREN$ON            (abs)        0000
__CFG_CP$OFF              (abs)        0000
__CFG_CPD$OFF             (abs)        0000
__CFG_FCMEN$ON            (abs)        0000
__CFG_FOSC$INTRC_NOCLKOUT (abs)        0000
__CFG_IESO$ON             (abs)        0000
__CFG_LVP$OFF             (abs)        0000
__CFG_MCLRE$ON            (abs)        0000
__CFG_PWRTE$ON            (abs)        0000
__CFG_WDTE$OFF            (abs)        0000
__CFG_WRT$OFF             (abs)        0000
__Habs1                   abs1         0000
__Hbank0                  bank0        0000
__Hbank1                  bank1        0000
__Hbank2                  bank2        0000
__Hbank3                  bank3        0000
__HbssBANK0               bssBANK0     0000
__Hcinit                  cinit        0800
__Hclrtext                clrtext      0000
__Hcode                   code         0000
__Hcommon                 common       0000
__Hconfig                 config       2009
__HcstackBANK0            cstackBANK0  0000
__HcstackCOMMON           cstackCOMMON 0000
__Heeprom_data            eeprom_data  0000
__Hend_init               end_init     0003
__Hfunctab                functab      0000
__Hidloc                  idloc        0000
__Hinit                   init         0000
__Hintentry               intentry     0000
__Hmaintext               maintext     0000
__Hpowerup                powerup      0000
__Hram                    ram          0000
__Hreset_vec              reset_vec    0000
__Hsfr0                   sfr0         0000
__Hsfr1                   sfr1         0000
__Hsfr2                   sfr2         0000
__Hsfr3                   sfr3         0000
__Hspace_0                (abs)        2009
__Hspace_1                (abs)        007E
__Hspace_2                (abs)        0000
__Hspace_3                (abs)        0000
__Hstack                  stack        0000
__Hstrings                strings      0000
__Htext                   text         0000
__Labs1                   abs1         0000
__Lbank0                  bank0        0000
__Lbank1                  bank1        0000
__Lbank2                  bank2        0000
__Lbank3                  bank3        0000
__LbssBANK0               bssBANK0     0000
__Lcinit                  cinit        07F3
__Lclrtext                clrtext      0000
__Lcode                   code         0000
__Lcommon                 common       0000
__Lconfig                 config       2007
__LcstackBANK0            cstackBANK0  0000
__LcstackCOMMON           cstackCOMMON 0000
__Leeprom_data            eeprom_data  0000
__Lend_init               end_init     0000
__Lfunctab                functab      0000
__Lidloc                  idloc        0000
__Linit                   init         0000
__Lintentry               intentry     0000
__Lmaintext               maintext     0000
__Lpowerup                powerup      0000
__Lram                    ram          0000
__Lreset_vec              reset_vec    0000
__Lsfr0                   sfr0         0000
__Lsfr1                   sfr1         0000
__Lsfr2                   sfr2         0000
__Lsfr3                   sfr3         0000
__Lspace_0                (abs)        0000
__Lspace_1                (abs)        0000
__Lspace_2                (abs)        0000
__Lspace_3                (abs)        0000
__Lstack                  stack        0000
__Lstrings                strings      0000
__Ltext                   text         0000
__S0                      (abs)        2009
__S1                      (abs)        007E
__S2                      (abs)        0000
__S3                      (abs)        0000
___awdiv                  text12       0673
___awdiv@counter          cstackCOMMON 0075
___awdiv@dividend         cstackCOMMON 0072
___awdiv@divisor          cstackCOMMON 0070
___awdiv@quotient         cstackCOMMON 0077
___awdiv@sign             cstackCOMMON 0076
___int_sp                 stack        0000
___latbits                (abs)        0002
___lwdiv                  text10       0637
___lwdiv@counter          cstackCOMMON 0077
___lwdiv@dividend         cstackCOMMON 0072
___lwdiv@divisor          cstackCOMMON 0070
___lwdiv@quotient         cstackCOMMON 0075
___lwmod                  text9        05CA
___lwmod@counter          cstackCOMMON 0075
___lwmod@dividend         cstackCOMMON 0072
___lwmod@divisor          cstackCOMMON 0070
___sp                     stack        0000
__end_of___awdiv          text12       06CC
__end_of___lwdiv          text10       0673
__end_of___lwmod          text9        05FC
__end_of__initialization  cinit        07FC
__end_of__stringtab       strings      0013
__end_of_distancia        text11       0637
__end_of_itoa             text7        0577
__end_of_lcd_cmd          text6        05A0
__end_of_lcd_ini          text5        0725
__end_of_lcd_pos          text4        052E
__end_of_lcd_write_c      text3        05CA
__end_of_lcd_write_s      text2        0551
__end_of_main             maintext     0787
__end_of_setup            text1        050E
__end_of_utoa             text8        07F3
__initialization          cinit        07F3
__pbssBANK0               bssBANK0     002D
__pcstackBANK0            cstackBANK0  0020
__pcstackCOMMON           cstackCOMMON 0070
__pmaintext               maintext     0725
__pstrings                strings      0003
__ptext1                  text1        04FE
__ptext10                 text10       0637
__ptext11                 text11       05FC
__ptext12                 text12       0673
__ptext2                  text2        052E
__ptext3                  text3        05A0
__ptext4                  text4        050E
__ptext5                  text5        06CC
__ptext6                  text6        0577
__ptext7                  text7        0551
__ptext8                  text8        0787
__ptext9                  text9        05CA
__size_of___awdiv         (abs)        0000
__size_of___lwdiv         (abs)        0000
__size_of___lwmod         (abs)        0000
__size_of_distancia       (abs)        0000
__size_of_itoa            (abs)        0000
__size_of_lcd_cmd         (abs)        0000
__size_of_lcd_ini         (abs)        0000
__size_of_lcd_pos         (abs)        0000
__size_of_lcd_write_c     (abs)        0000
__size_of_lcd_write_s     (abs)        0000
__size_of_main            (abs)        0000
__size_of_setup           (abs)        0000
__size_of_utoa            (abs)        0000
__stringbase              strings      0012
__stringtab               strings      0003
_centi                    bssBANK0     0031
_cm                       bssBANK0     002F
_distancia                text11       05FC
_itoa                     text7        0551
_lcd_cmd                  text6        0577
_lcd_ini                  text5        06CC
_lcd_pos                  text4        050E
_lcd_write_c              text3        05A0
_lcd_write_s              text2        052E
_main                     maintext     0725
_setup                    text1        04FE
_us                       bssBANK0     002D
_utoa                     text8        0787
btemp                     (abs)        007E
end_of_initialization     cinit        07FC
intlevel0                 functab      0000
intlevel1                 functab      0000
intlevel2                 functab      0000
intlevel3                 functab      0000
intlevel4                 functab      0000
intlevel5                 functab      0000
itoa@base                 cstackBANK0  0026
itoa@buf                  cstackBANK0  0029
itoa@cp                   cstackBANK0  0028
itoa@val                  cstackBANK0  0024
lcd_cmd@cmd               cstackCOMMON 0070
lcd_pos@columna           cstackCOMMON 0076
lcd_pos@fila              cstackCOMMON 0074
lcd_write_c@ch            cstackCOMMON 0072
lcd_write_s@st            cstackCOMMON 0073
reset_vec                 reset_vec    0000
stackhi                   (abs)        0000
stacklo                   (abs)        0000
start                     init         0000
start_initialization      cinit        07F3
utoa@base                 cstackCOMMON 007A
utoa@buf                  cstackBANK0  0023
utoa@c                    cstackBANK0  0022
utoa@v                    cstackBANK0  0020
utoa@val                  cstackCOMMON 0078
wtemp0                    (abs)        007E


FUNCTION INFORMATION:

 *************** function _main *****************
 Defined at:
		line 46 in file "Main_Usonico.c"
 Parameters:    Size  Location     Type
		None
 Auto vars:     Size  Location     Type
		None
 Return value:  Size  Location     Type
                  1    wreg      void 
 Registers used:
		wreg, fsr0l, fsr0h, status,2, status,0, btemp+1, pclath, cstack
 Tracked objects:
		On entry : 
		On exit  : 
		Unchanged: 
 Data sizes:     COMMON   BANK0   BANK1   BANK3   BANK2
      Params:         0       0       0       0       0
      Locals:         0       0       0       0       0
      Temps:          0       3       0       0       0
      Totals:         0       3       0       0       0
Total ram usage:        3 bytes
 Hardware stack levels required when called:    3
 This function calls:
		_distancia
		_itoa
		_lcd_ini
		_lcd_pos
		_lcd_write_s
		_setup
 This function is called by:
		Startup code after reset
 This function uses a non-reentrant model


 *************** function _setup *****************
 Defined at:
		line 61 in file "Main_Usonico.c"
 Parameters:    Size  Location     Type
		None
 Auto vars:     Size  Location     Type
		None
 Return value:  Size  Location     Type
                  1    wreg      void 
 Registers used:
		wreg, status,2
 Tracked objects:
		On entry : 
		On exit  : 
		Unchanged: 
 Data sizes:     COMMON   BANK0   BANK1   BANK3   BANK2
      Params:         0       0       0       0       0
      Locals:         0       0       0       0       0
      Temps:          0       0       0       0       0
      Totals:         0       0       0       0       0
Total ram usage:        0 bytes
 Hardware stack levels used:    1
 This function calls:
		Nothing
 This function is called by:
		_main
 This function uses a non-reentrant model


 *************** function _lcd_write_s *****************
 Defined at:
		line 96 in file "LCD_cabecera.h"
 Parameters:    Size  Location     Type
  st              2    3[COMMON] PTR const unsigned char 
		 -> STR_2(4), centi(3), STR_1(10), 
 Auto vars:     Size  Location     Type
		None
 Return value:  Size  Location     Type
                  1    wreg      void 
 Registers used:
		wreg, fsr0l, fsr0h, status,2, status,0, btemp+1, pclath, cstack
 Tracked objects:
		On entry : 
		On exit  : 
		Unchanged: 
 Data sizes:     COMMON   BANK0   BANK1   BANK3   BANK2
      Params:         2       0       0       0       0
      Locals:         0       0       0       0       0
      Temps:          0       0       0       0       0
      Totals:         2       0       0       0       0
Total ram usage:        2 bytes
 Hardware stack levels used:    1
 Hardware stack levels required when called:    1
 This function calls:
		_lcd_write_c
 This function is called by:
		_main
 This function uses a non-reentrant model


 *************** function _lcd_write_c *****************
 Defined at:
		line 86 in file "LCD_cabecera.h"
 Parameters:    Size  Location     Type
  ch              1    wreg     unsigned char 
 Auto vars:     Size  Location     Type
  ch              1    2[COMMON] unsigned char 
 Return value:  Size  Location     Type
                  1    wreg      void 
 Registers used:
		wreg, status,2, status,0
 Tracked objects:
		On entry : 
		On exit  : 
		Unchanged: 
 Data sizes:     COMMON   BANK0   BANK1   BANK3   BANK2
      Params:         0       0       0       0       0
      Locals:         1       0       0       0       0
      Temps:          2       0       0       0       0
      Totals:         3       0       0       0       0
Total ram usage:        3 bytes
 Hardware stack levels used:    1
 This function calls:
		Nothing
 This function is called by:
		_lcd_write_s
		_lcd_custom
 This function uses a non-reentrant model


 *************** function _lcd_pos *****************
 Defined at:
		line 103 in file "LCD_cabecera.h"
 Parameters:    Size  Location     Type
  fila            2    4[COMMON] int 
  columna         2    6[COMMON] int 
 Auto vars:     Size  Location     Type
		None
 Return value:  Size  Location     Type
                  1    wreg      void 
 Registers used:
		wreg, status,2, status,0, pclath, cstack
 Tracked objects:
		On entry : 
		On exit  : 
		Unchanged: 
 Data sizes:     COMMON   BANK0   BANK1   BANK3   BANK2
      Params:         4       0       0       0       0
      Locals:         0       0       0       0       0
      Temps:          0       0       0       0       0
      Totals:         4       0       0       0       0
Total ram usage:        4 bytes
 Hardware stack levels used:    1
 Hardware stack levels required when called:    1
 This function calls:
		_lcd_cmd
 This function is called by:
		_main
 This function uses a non-reentrant model


 *************** function _lcd_ini *****************
 Defined at:
		line 59 in file "LCD_cabecera.h"
 Parameters:    Size  Location     Type
		None
 Auto vars:     Size  Location     Type
		None
 Return value:  Size  Location     Type
                  1    wreg      void 
 Registers used:
		wreg, status,2, status,0, pclath, cstack
 Tracked objects:
		On entry : 
		On exit  : 
		Unchanged: 
 Data sizes:     COMMON   BANK0   BANK1   BANK3   BANK2
      Params:         0       0       0       0       0
      Locals:         0       0       0       0       0
      Temps:          2       0       0       0       0
      Totals:         2       0       0       0       0
Total ram usage:        2 bytes
 Hardware stack levels used:    1
 Hardware stack levels required when called:    1
 This function calls:
		_lcd_cmd
 This function is called by:
		_main
 This function uses a non-reentrant model


 *************** function _lcd_cmd *****************
 Defined at:
		line 76 in file "LCD_cabecera.h"
 Parameters:    Size  Location     Type
  cmd             2    0[COMMON] int 
 Auto vars:     Size  Location     Type
		None
 Return value:  Size  Location     Type
                  1    wreg      void 
 Registers used:
		wreg, status,2, status,0
 Tracked objects:
		On entry : 
		On exit  : 
		Unchanged: 
 Data sizes:     COMMON   BANK0   BANK1   BANK3   BANK2
      Params:         2       0       0       0       0
      Locals:         0       0       0       0       0
      Temps:          2       0       0       0       0
      Totals:         4       0       0       0       0
Total ram usage:        4 bytes
 Hardware stack levels used:    1
 This function calls:
		Nothing
 This function is called by:
		_lcd_ini
		_lcd_pos
		_lcd_custom
 This function uses a non-reentrant model


 *************** function _itoa *****************
 Defined at:
		line 4 in file "C:\Program Files (x86)\Microchip\xc8\v1.45\sources\common\itoa.c"
 Parameters:    Size  Location     Type
  buf             1    wreg     PTR unsigned char 
		 -> centi(3), 
  val             2    4[BANK0 ] int 
  base            2    6[BANK0 ] int 
 Auto vars:     Size  Location     Type
  buf             1    9[BANK0 ] PTR unsigned char 
		 -> centi(3), 
  cp              1    8[BANK0 ] PTR unsigned char 
		 -> centi(3), 
 Return value:  Size  Location     Type
                  1    wreg      PTR unsigned char 
 Registers used:
		wreg, fsr0l, fsr0h, status,2, status,0, pclath, cstack
 Tracked objects:
		On entry : 
		On exit  : 
		Unchanged: 
 Data sizes:     COMMON   BANK0   BANK1   BANK3   BANK2
      Params:         0       4       0       0       0
      Locals:         0       2       0       0       0
      Temps:          1       0       0       0       0
      Totals:         1       6       0       0       0
Total ram usage:        7 bytes
 Hardware stack levels used:    1
 Hardware stack levels required when called:    2
 This function calls:
		_utoa
 This function is called by:
		_main
 This function uses a non-reentrant model


 *************** function _utoa *****************
 Defined at:
		line 17 in file "C:\Program Files (x86)\Microchip\xc8\v1.45\sources\common\itoa.c"
 Parameters:    Size  Location     Type
  buf             1    wreg     PTR unsigned char 
		 -> centi(3), 
  val             2    8[COMMON] unsigned int 
  base            2   10[COMMON] int 
 Auto vars:     Size  Location     Type
  buf             1    3[BANK0 ] PTR unsigned char 
		 -> centi(3), 
  v               2    0[BANK0 ] unsigned int 
  c               1    2[BANK0 ] unsigned char 
 Return value:  Size  Location     Type
                  1    wreg      PTR unsigned char 
 Registers used:
		wreg, fsr0l, fsr0h, status,2, status,0, pclath, cstack
 Tracked objects:
		On entry : 
		On exit  : 
		Unchanged: 
 Data sizes:     COMMON   BANK0   BANK1   BANK3   BANK2
      Params:         4       0       0       0       0
      Locals:         0       4       0       0       0
      Temps:          1       0       0       0       0
      Totals:         5       4       0       0       0
Total ram usage:        9 bytes
 Hardware stack levels used:    1
 Hardware stack levels required when called:    1
 This function calls:
		___lwdiv
		___lwmod
 This function is called by:
		_itoa
 This function uses a non-reentrant model


 *************** function ___lwmod *****************
 Defined at:
		line 6 in file "C:\Program Files (x86)\Microchip\xc8\v1.45\sources\common\lwmod.c"
 Parameters:    Size  Location     Type
  divisor         2    0[COMMON] unsigned int 
  dividend        2    2[COMMON] unsigned int 
 Auto vars:     Size  Location     Type
  counter         1    5[COMMON] unsigned char 
 Return value:  Size  Location     Type
                  2    0[COMMON] unsigned int 
 Registers used:
		wreg, status,2, status,0
 Tracked objects:
		On entry : 
		On exit  : 
		Unchanged: 
 Data sizes:     COMMON   BANK0   BANK1   BANK3   BANK2
      Params:         4       0       0       0       0
      Locals:         1       0       0       0       0
      Temps:          1       0       0       0       0
      Totals:         6       0       0       0       0
Total ram usage:        6 bytes
 Hardware stack levels used:    1
 This function calls:
		Nothing
 This function is called by:
		_utoa
 This function uses a non-reentrant model


 *************** function ___lwdiv *****************
 Defined at:
		line 6 in file "C:\Program Files (x86)\Microchip\xc8\v1.45\sources\common\lwdiv.c"
 Parameters:    Size  Location     Type
  divisor         2    0[COMMON] unsigned int 
  dividend        2    2[COMMON] unsigned int 
 Auto vars:     Size  Location     Type
  quotient        2    5[COMMON] unsigned int 
  counter         1    7[COMMON] unsigned char 
 Return value:  Size  Location     Type
                  2    0[COMMON] unsigned int 
 Registers used:
		wreg, status,2, status,0
 Tracked objects:
		On entry : 
		On exit  : 
		Unchanged: 
 Data sizes:     COMMON   BANK0   BANK1   BANK3   BANK2
      Params:         4       0       0       0       0
      Locals:         3       0       0       0       0
      Temps:          1       0       0       0       0
      Totals:         8       0       0       0       0
Total ram usage:        8 bytes
 Hardware stack levels used:    1
 This function calls:
		Nothing
 This function is called by:
		_utoa
 This function uses a non-reentrant model


 *************** function _distancia *****************
 Defined at:
		line 68 in file "Main_Usonico.c"
 Parameters:    Size  Location     Type
		None
 Auto vars:     Size  Location     Type
		None
 Return value:  Size  Location     Type
                  1    wreg      void 
 Registers used:
		wreg, status,2, status,0, pclath, cstack
 Tracked objects:
		On entry : 
		On exit  : 
		Unchanged: 
 Data sizes:     COMMON   BANK0   BANK1   BANK3   BANK2
      Params:         0       0       0       0       0
      Locals:         0       0       0       0       0
      Temps:          2       0       0       0       0
      Totals:         2       0       0       0       0
Total ram usage:        2 bytes
 Hardware stack levels used:    1
 Hardware stack levels required when called:    1
 This function calls:
		___awdiv
 This function is called by:
		_main
 This function uses a non-reentrant model


 *************** function ___awdiv *****************
 Defined at:
		line 6 in file "C:\Program Files (x86)\Microchip\xc8\v1.45\sources\common\awdiv.c"
 Parameters:    Size  Location     Type
  divisor         2    0[COMMON] int 
  dividend        2    2[COMMON] int 
 Auto vars:     Size  Location     Type
  quotient        2    7[COMMON] int 
  sign            1    6[COMMON] unsigned char 
  counter         1    5[COMMON] unsigned char 
 Return value:  Size  Location     Type
                  2    0[COMMON] int 
 Registers used:
		wreg, status,2, status,0
 Tracked objects:
		On entry : 
		On exit  : 
		Unchanged: 
 Data sizes:     COMMON   BANK0   BANK1   BANK3   BANK2
      Params:         4       0       0       0       0
      Locals:         4       0       0       0       0
      Temps:          1       0       0       0       0
      Totals:         9       0       0       0       0
Total ram usage:        9 bytes
 Hardware stack levels used:    1
 This function calls:
		Nothing
 This function is called by:
		_distancia
 This function uses a non-reentrant model



MODULE INFORMATION

Module		Function		Class		Link	Load	Size
C:\Program Files (x86)\Microchip\xc8\v1.45\sources\common\lwmod.c
		___lwmod       		CODE           	05CA	0000	51

C:\Program Files (x86)\Microchip\xc8\v1.45\sources\common\lwmod.c estimated size: 51

Main_Usonico.c
		_main          		CODE           	0725	0000	99
		_setup         		CODE           	04FE	0000	17
		_distancia     		CODE           	05FC	0000	60

Main_Usonico.c estimated size: 176

shared
		__stringtab    		STRING         	0003	0000	17
		__initialization		CODE           	07F3	0000	10

shared estimated size: 27

C:\Program Files (x86)\Microchip\xc8\v1.45\sources\common\lwdiv.c
		___lwdiv       		CODE           	0637	0000	61

C:\Program Files (x86)\Microchip\xc8\v1.45\sources\common\lwdiv.c estimated size: 61

C:\Program Files (x86)\Microchip\xc8\v1.45\sources\common\awdiv.c
		___awdiv       		CODE           	0673	0000	90

C:\Program Files (x86)\Microchip\xc8\v1.45\sources\common\awdiv.c estimated size: 90

C:\Program Files (x86)\Microchip\xc8\v1.45\sources\common\itoa.c
		_itoa          		CODE           	0551	0000	39
		_utoa          		CODE           	0787	0000	109

C:\Program Files (x86)\Microchip\xc8\v1.45\sources\common\itoa.c estimated size: 148

LCD_cabecera.h
		_lcd_cmd       		CODE           	0577	0000	42
		_lcd_pos       		CODE           	050E	0000	33
		_lcd_write_c   		CODE           	05A0	0000	43
		_lcd_write_s   		CODE           	052E	0000	36
		_lcd_ini       		CODE           	06CC	0000	90

LCD_cabecera.h estimated size: 244

